Archive member included to satisfy reference by file (symbol)

C:/ST/STM32CubeIDE_2.0.0/STM32CubeIDE/plugins/com.st.stm32cube.ide.mcu.externaltools.gnu-tools-for-stm32.13.3.rel1.win32_1.0.100.202509120712/tools/bin/../lib/gcc/arm-none-eabi/13.3.1/../../../../arm-none-eabi/lib/thumb/v7e-m+fp/hard\libc_nano.a(libc_a-exit.o)
                              C:/ST/STM32CubeIDE_2.0.0/STM32CubeIDE/plugins/com.st.stm32cube.ide.mcu.externaltools.gnu-tools-for-stm32.13.3.rel1.win32_1.0.100.202509120712/tools/bin/../lib/gcc/arm-none-eabi/13.3.1/../../../../arm-none-eabi/lib/thumb/v7e-m+fp/hard/crt0.o (exit)
C:/ST/STM32CubeIDE_2.0.0/STM32CubeIDE/plugins/com.st.stm32cube.ide.mcu.externaltools.gnu-tools-for-stm32.13.3.rel1.win32_1.0.100.202509120712/tools/bin/../lib/gcc/arm-none-eabi/13.3.1/../../../../arm-none-eabi/lib/thumb/v7e-m+fp/hard\libc_nano.a(libc_a-findfp.o)
                              C:/ST/STM32CubeIDE_2.0.0/STM32CubeIDE/plugins/com.st.stm32cube.ide.mcu.externaltools.gnu-tools-for-stm32.13.3.rel1.win32_1.0.100.202509120712/tools/bin/../lib/gcc/arm-none-eabi/13.3.1/../../../../arm-none-eabi/lib/thumb/v7e-m+fp/hard\libc_nano.a(libc_a-exit.o) (__stdio_exit_handler)
C:/ST/STM32CubeIDE_2.0.0/STM32CubeIDE/plugins/com.st.stm32cube.ide.mcu.externaltools.gnu-tools-for-stm32.13.3.rel1.win32_1.0.100.202509120712/tools/bin/../lib/gcc/arm-none-eabi/13.3.1/../../../../arm-none-eabi/lib/thumb/v7e-m+fp/hard\libc_nano.a(libc_a-fwalk.o)
                              C:/ST/STM32CubeIDE_2.0.0/STM32CubeIDE/plugins/com.st.stm32cube.ide.mcu.externaltools.gnu-tools-for-stm32.13.3.rel1.win32_1.0.100.202509120712/tools/bin/../lib/gcc/arm-none-eabi/13.3.1/../../../../arm-none-eabi/lib/thumb/v7e-m+fp/hard\libc_nano.a(libc_a-findfp.o) (_fwalk_sglue)
C:/ST/STM32CubeIDE_2.0.0/STM32CubeIDE/plugins/com.st.stm32cube.ide.mcu.externaltools.gnu-tools-for-stm32.13.3.rel1.win32_1.0.100.202509120712/tools/bin/../lib/gcc/arm-none-eabi/13.3.1/../../../../arm-none-eabi/lib/thumb/v7e-m+fp/hard\libc_nano.a(libc_a-stdio.o)
                              C:/ST/STM32CubeIDE_2.0.0/STM32CubeIDE/plugins/com.st.stm32cube.ide.mcu.externaltools.gnu-tools-for-stm32.13.3.rel1.win32_1.0.100.202509120712/tools/bin/../lib/gcc/arm-none-eabi/13.3.1/../../../../arm-none-eabi/lib/thumb/v7e-m+fp/hard\libc_nano.a(libc_a-findfp.o) (__sread)
C:/ST/STM32CubeIDE_2.0.0/STM32CubeIDE/plugins/com.st.stm32cube.ide.mcu.externaltools.gnu-tools-for-stm32.13.3.rel1.win32_1.0.100.202509120712/tools/bin/../lib/gcc/arm-none-eabi/13.3.1/../../../../arm-none-eabi/lib/thumb/v7e-m+fp/hard\libc_nano.a(libc_a-memset.o)
                              C:/ST/STM32CubeIDE_2.0.0/STM32CubeIDE/plugins/com.st.stm32cube.ide.mcu.externaltools.gnu-tools-for-stm32.13.3.rel1.win32_1.0.100.202509120712/tools/bin/../lib/gcc/arm-none-eabi/13.3.1/../../../../arm-none-eabi/lib/thumb/v7e-m+fp/hard/crt0.o (memset)
C:/ST/STM32CubeIDE_2.0.0/STM32CubeIDE/plugins/com.st.stm32cube.ide.mcu.externaltools.gnu-tools-for-stm32.13.3.rel1.win32_1.0.100.202509120712/tools/bin/../lib/gcc/arm-none-eabi/13.3.1/../../../../arm-none-eabi/lib/thumb/v7e-m+fp/hard\libc_nano.a(libc_a-closer.o)
                              C:/ST/STM32CubeIDE_2.0.0/STM32CubeIDE/plugins/com.st.stm32cube.ide.mcu.externaltools.gnu-tools-for-stm32.13.3.rel1.win32_1.0.100.202509120712/tools/bin/../lib/gcc/arm-none-eabi/13.3.1/../../../../arm-none-eabi/lib/thumb/v7e-m+fp/hard\libc_nano.a(libc_a-stdio.o) (_close_r)
C:/ST/STM32CubeIDE_2.0.0/STM32CubeIDE/plugins/com.st.stm32cube.ide.mcu.externaltools.gnu-tools-for-stm32.13.3.rel1.win32_1.0.100.202509120712/tools/bin/../lib/gcc/arm-none-eabi/13.3.1/../../../../arm-none-eabi/lib/thumb/v7e-m+fp/hard\libc_nano.a(libc_a-reent.o)
                              C:/ST/STM32CubeIDE_2.0.0/STM32CubeIDE/plugins/com.st.stm32cube.ide.mcu.externaltools.gnu-tools-for-stm32.13.3.rel1.win32_1.0.100.202509120712/tools/bin/../lib/gcc/arm-none-eabi/13.3.1/../../../../arm-none-eabi/lib/thumb/v7e-m+fp/hard\libc_nano.a(libc_a-closer.o) (errno)
C:/ST/STM32CubeIDE_2.0.0/STM32CubeIDE/plugins/com.st.stm32cube.ide.mcu.externaltools.gnu-tools-for-stm32.13.3.rel1.win32_1.0.100.202509120712/tools/bin/../lib/gcc/arm-none-eabi/13.3.1/../../../../arm-none-eabi/lib/thumb/v7e-m+fp/hard\libc_nano.a(libc_a-impure.o)
                              C:/ST/STM32CubeIDE_2.0.0/STM32CubeIDE/plugins/com.st.stm32cube.ide.mcu.externaltools.gnu-tools-for-stm32.13.3.rel1.win32_1.0.100.202509120712/tools/bin/../lib/gcc/arm-none-eabi/13.3.1/../../../../arm-none-eabi/lib/thumb/v7e-m+fp/hard\libc_nano.a(libc_a-reent.o) (_impure_ptr)
C:/ST/STM32CubeIDE_2.0.0/STM32CubeIDE/plugins/com.st.stm32cube.ide.mcu.externaltools.gnu-tools-for-stm32.13.3.rel1.win32_1.0.100.202509120712/tools/bin/../lib/gcc/arm-none-eabi/13.3.1/../../../../arm-none-eabi/lib/thumb/v7e-m+fp/hard\libc_nano.a(libc_a-lseekr.o)
[...]
Memory Configuration

Name             Origin             Length             Attributes
RAM              0x20000000         0x00018000         xrw
SRAM2            0x10000000         0x00008000         xrw
ROM              0x08000000         0x00100000         xr
*default*        0x00000000         0xffffffff

Linker script and memory map

LOAD C:/ST/STM32CubeIDE_2.0.0/STM32CubeIDE/plugins/com.st.stm32cube.ide.mcu.externaltools.gnu-tools-for-stm32.13.3.rel1.win32_1.0.100.202509120712/tools/bin/../lib/gcc/arm-none-eabi/13.3.1/thumb/v7e-m+fp/hard/crti.o
LOAD C:/ST/STM32CubeIDE_2.0.0/STM32CubeIDE/plugins/com.st.stm32cube.ide.mcu.externaltools.gnu-tools-for-stm32.13.3.rel1.win32_1.0.100.202509120712/tools/bin/../lib/gcc/arm-none-eabi/13.3.1/thumb/v7e-m+fp/hard/crtbegin.o
LOAD C:/ST/STM32CubeIDE_2.0.0/STM32CubeIDE/plugins/com.st.stm32cube.ide.mcu.externaltools.gnu-tools-for-stm32.13.3.rel1.win32_1.0.100.202509120712/tools/bin/../lib/gcc/arm-none-eabi/13.3.1/../../../../arm-none-eabi/lib/thumb/v7e-m+fp/hard/crt0.o
LOAD ./Application/Common/ble_core/bluenrg_gap_aci.o
LOAD ./Application/Common/ble_core/bluenrg_gatt_aci.o
LOAD ./Application/Common/ble_core/bluenrg_hal_aci.o
LOAD ./Application/Common/ble_core/osal.o
LOAD ./Application/Common/ble_services/lbs_stm.o
LOAD ./Application/Common/ble_services/svc_ctl.o
LOAD ./Application/Common/hw_interface/hw_lpm.o
LOAD ./Application/Common/hw_interface/hw_spi.o
LOAD ./Application/Common/hw_interface/hw_timerserver.o
LOAD ./Application/Common/tl/tl_ble_hci.o
LOAD ./Application/Common/tl/tl_ble_io.o
LOAD ./Application/Common/tl/tl_ble_reassembly.o
LOAD ./Application/Common/tl/tl_ble_spi.o
LOAD ./Application/Common/utilities/list.o
LOAD ./Application/Common/utilities/lpm.o
LOAD ./Application/Common/utilities/memory_manager.o
LOAD ./Application/Common/utilities/scheduler.o
LOAD ./Application/P2P_LB_Example/lb_client_app.o
LOAD ./Application/P2P_LB_Example/lb_demo.o
LOAD ./Application/P2P_LB_Example/lb_server_app.o
LOAD ./Application/P2P_LB_Example/main.o
LOAD ./Application/P2P_LB_Example/stm32l4xx_it.o
LOAD ./Application/P2P_LB_Example/syscalls.o
LOAD ./Application/P2P_LB_Example/sysmem.o
LOAD ./Application/P2P_LB_Example/system_stm32l4xx.o
LOAD ./Application/Startup/startup_stm32l475vgtx.o
LOAD ./Drivers/BSP/STM32L475x_IoT_Discovery/stm32l475e_iot01.o
LOAD ./Drivers/STM32L4xx_HAL_Driver/stm32l4xx_hal.o
LOAD ./Drivers/STM32L4xx_HAL_Driver/stm32l4xx_hal_cortex.o
LOAD ./Drivers/STM32L4xx_HAL_Driver/stm32l4xx_hal_dma.o
LOAD ./Drivers/STM32L4xx_HAL_Driver/stm32l4xx_hal_gpio.o
LOAD ./Drivers/STM32L4xx_HAL_Driver/stm32l4xx_hal_i2c.o
LOAD ./Drivers/STM32L4xx_HAL_Driver/stm32l4xx_hal_i2c_ex.o
LOAD ./Drivers/STM32L4xx_HAL_Driver/stm32l4xx_hal_pwr.o
LOAD ./Drivers/STM32L4xx_HAL_Driver/stm32l4xx_hal_pwr_ex.o
LOAD ./Drivers/STM32L4xx_HAL_Driver/stm32l4xx_hal_rcc.o
LOAD ./Drivers/STM32L4xx_HAL_Driver/stm32l4xx_hal_rtc.o
LOAD ./Drivers/STM32L4xx_HAL_Driver/stm32l4xx_hal_rtc_ex.o
LOAD ./Drivers/STM32L4xx_HAL_Driver/stm32l4xx_hal_spi.o
LOAD ./Drivers/STM32L4xx_HAL_Driver/stm32l4xx_hal_uart.o
LOAD ./Drivers/STM32L4xx_HAL_Driver/stm32l4xx_hal_uart_ex.o
START GROUP
LOAD C:/ST/STM32CubeIDE_2.0.0/STM32CubeIDE/plugins/com.st.stm32cube.ide.mcu.externaltools.gnu-tools-for-stm32.13.3.rel1.win32_1.0.100.202509120712/tools/bin/../lib/gcc/arm-none-eabi/13.3.1/../../../../arm-none-eabi/lib/thumb/v7e-m+fp/hard\libc_nano.a
LOAD C:/ST/STM32CubeIDE_2.0.0/STM32CubeIDE/plugins/com.st.stm32cube.ide.mcu.externaltools.gnu-tools-for-stm32.13.3.rel1.win32_1.0.100.202509120712/tools/bin/../lib/gcc/arm-none-eabi/13.3.1/../../../../arm-none-eabi/lib/thumb/v7e-m+fp/hard\libm.a
END GROUP
START GROUP
LOAD C:/ST/STM32CubeIDE_2.0.0/STM32CubeIDE/plugins/com.st.stm32cube.ide.mcu.externaltools.gnu-tools-for-stm32.13.3.rel1.win32_1.0.100.202509120712/tools/bin/../lib/gcc/arm-none-eabi/13.3.1/thumb/v7e-m+fp/hard\libgcc.a
LOAD C:/ST/STM32CubeIDE_2.0.0/STM32CubeIDE/plugins/com.st.stm32cube.ide.mcu.externaltools.gnu-tools-for-stm32.13.3.rel1.win32_1.0.100.202509120712/tools/bin/../lib/gcc/arm-none-eabi/13.3.1/../../../../arm-none-eabi/lib/thumb/v7e-m+fp/hard\libc_nano.a
END GROUP
START GROUP
LOAD C:/ST/STM32CubeIDE_2.0.0/STM32CubeIDE/plugins/com.st.stm32cube.ide.mcu.externaltools.gnu-tools-for-stm32.13.3.rel1.win32_1.0.100.202509120712/tools/bin/../lib/gcc/arm-none-eabi/13.3.1/thumb/v7e-m+fp/hard\libgcc.a
LOAD C:/ST/STM32CubeIDE_2.0.0/STM32CubeIDE/plugins/com.st.stm32cube.ide.mcu.externaltools.gnu-tools-for-stm32.13.3.rel1.win32_1.0.100.202509120712/tools/bin/../lib/gcc/arm-none-eabi/13.3.1/../../../../arm-none-eabi/lib/thumb/v7e-m+fp/hard\libc_nano.a
LOAD C:/ST/STM32CubeIDE_2.0.0/STM32CubeIDE/plugins/com.st.stm32cube.ide.mcu.externaltools.gnu-tools-for-stm32.13.3.rel1.win32_1.0.100.202509120712/tools/bin/../lib/gcc/arm-none-eabi/13.3.1/../../../../arm-none-eabi/lib/thumb/v7e-m+fp/hard\libnosys.a
END GROUP
START GROUP
LOAD C:/ST/STM32CubeIDE_2.0.0/STM32CubeIDE/plugins/com.st.stm32cube.ide.mcu.externaltools.gnu-tools-for-stm32.13.3.rel1.win32_1.0.100.202509120712/tools/bin/../lib/gcc/arm-none-eabi/13.3.1/thumb/v7e-m+fp/hard\libgcc.a
LOAD C:/ST/STM32CubeIDE_2.0.0/STM32CubeIDE/plugins/com.st.stm32cube.ide.mcu.externaltools.gnu-tools-for-stm32.13.3.rel1.win32_1.0.100.202509120712/tools/bin/../lib/gcc/arm-none-eabi/13.3.1/../../../../arm-none-eabi/lib/thumb/v7e-m+fp/hard\libc_nano.a
LOAD C:/ST/STM32CubeIDE_2.0.0/STM32CubeIDE/plugins/com.st.stm32cube.ide.mcu.externaltools.gnu-tools-for-stm32.13.3.rel1.win32_1.0.100.202509120712/tools/bin/../lib/gcc/arm-none-eabi/13.3.1/../../../../arm-none-eabi/lib/thumb/v7e-m+fp/hard\libnosys.a
END GROUP
LOAD C:/ST/STM32CubeIDE_2.0.0/STM32CubeIDE/plugins/com.st.stm32cube.ide.mcu.externaltools.gnu-tools-for-stm32.13.3.rel1.win32_1.0.100.202509120712/tools/bin/../lib/gcc/arm-none-eabi/13.3.1/thumb/v7e-m+fp/hard/crtend.o
LOAD C:/ST/STM32CubeIDE_2.0.0/STM32CubeIDE/plugins/com.st.stm32cube.ide.mcu.externaltools.gnu-tools-for-stm32.13.3.rel1.win32_1.0.100.202509120712/tools/bin/../lib/gcc/arm-none-eabi/13.3.1/thumb/v7e-m+fp/hard/crtn.o
                0x20018000                        _estack = (ORIGIN (RAM) + LENGTH (RAM))
                0x00000200                        _Min_Heap_Size = 0x200
                0x00000400                        _Min_Stack_Size = 0x400

.isr_vector     0x08000000      0x188
                0x08000000                        . = ALIGN (0x4)
 *(.isr_vector)
 .isr_vector    0x08000000      0x188 ./Application/Startup/startup_stm32l475vgtx.o
                0x08000000                g_pfnVectors
                0x08000188                        . = ALIGN (0x4)

.text           0x08000188     0x5ea4
                0x08000188                        . = ALIGN (0x4)
 *(.text)
 .text          0x08000188       0x40 C:/ST/STM32CubeIDE_2.0.0/STM32CubeIDE/plugins/com.st.stm32cube.ide.mcu.externaltools.gnu-tools-for-stm32.13.3.rel1.win32_1.0.100.202509120712/tools/bin/../lib/gcc/arm-none-eabi/13.3.1/thumb/v7e-m+fp/hard/crtbegin.o
 .text          0x080001c8       0x10 C:/ST/STM32CubeIDE_2.0.0/STM32CubeIDE/plugins/com.st.stm32cube.ide.mcu.externaltools.gnu-tools-for-stm32.13.3.rel1.win32_1.0.100.202509120712/tools/bin/../lib/gcc/arm-none-eabi/13.3.1/../../../../arm-none-eabi/lib/thumb/v7e-m+fp/hard\libc_nano.a(libc_a-strlen.o)
                0x080001c8                strlen
 *(.text*)
 .text.aci_gap_init
                0x080001d8       0xa0 ./Application/Common/ble_core/bluenrg_gap_aci.o
                0x080001d8                aci_gap_init
 .text.aci_gap_set_discoverable
                0x08000278      0x1f2 ./Application/Common/ble_core/bluenrg_gap_aci.o
                0x08000278                aci_gap_set_discoverable
 .text.aci_gap_set_io_capability
                0x0800046a       0x58 ./Application/Common/ble_core/bluenrg_gap_aci.o
                0x0800046a                aci_gap_set_io_capability
 .text.aci_gap_set_auth_requirement
                0x080004c2       0xa2 ./Application/Common/ble_core/bluenrg_gap_aci.o
                0x080004c2                aci_gap_set_auth_requirement
 .text.aci_gap_configure_whitelist
                0x08000564       0x44 ./Application/Common/ble_core/bluenrg_gap_aci.o
                0x08000564                aci_gap_configure_whitelist
 .text.aci_gatt_init
                0x080005a8       0x46 ./Application/Common/ble_core/bluenrg_gatt_aci.o
                0x080005a8                aci_gatt_init
 .text.aci_gatt_add_serv
                0x080005ee      0x114 ./Application/Common/ble_core/bluenrg_gatt_aci.o
                0x080005ee                aci_gatt_add_serv
 .text.aci_gatt_add_char
                0x08000702      0x1a0 ./Application/Common/ble_core/bluenrg_gatt_aci.o
                0x08000702                aci_gatt_add_char
 .text.aci_gatt_update_char_value
                0x080008a2      0x19c ./Application/Common/ble_core/bluenrg_gatt_aci.o
                0x080008a2                aci_gatt_update_char_value
 .text.aci_hal_write_config_data
                0x08000a3e      0x118 ./Application/Common/ble_core/bluenrg_hal_aci.o
                0x08000a3e                aci_hal_write_config_data
 .text.aci_hal_set_tx_power_level
                0x08000b56       0x62 ./Application/Common/ble_core/bluenrg_hal_aci.o
                0x08000b56                aci_hal_set_tx_power_level
 .text.Osal_MemCpy
                0x08000bb8       0x20 ./Application/Common/ble_core/osal.o
                0x08000bb8                Osal_MemCpy
 .text.Osal_MemSet
                0x08000bd8       0x20 ./Application/Common/ble_core/osal.o
                0x08000bd8                Osal_MemSet
 .text.LedButton_Event_Handler
                0x08000bf8       0xc4 ./Application/Common/ble_services/lbs_stm.o
 .text.LBS_STM_Init
                0x08000cbc       0x94 ./Application/Common/ble_services/lbs_stm.o
                0x08000cbc                LBS_STM_Init
 .text.BLE_SVC_LedButton_Update_Char
                0x08000d50       0x44 ./Application/Common/ble_services/lbs_stm.o
                0x08000d50                BLE_SVC_LedButton_Update_Char
 .text.DIS_Init
                0x08000d94       0x14 ./Application/Common/ble_services/svc_ctl.o
                0x08000d94                DIS_Init
 .text.HRS_Init
                0x08000da8        0xe ./Application/Common/ble_services/svc_ctl.o
                0x08000da8                HRS_Init
 .text.ANS_Init
                0x08000db6        0xe ./Application/Common/ble_services/svc_ctl.o
                0x08000db6                ANS_Init
 .text.HIDS_Init
                0x08000dc4        0xe ./Application/Common/ble_services/svc_ctl.o
                0x08000dc4                HIDS_Init
 .text.HPS_Init
                0x08000dd2        0xe ./Application/Common/ble_services/svc_ctl.o
                0x08000dd2                HPS_Init
 .text.IPSS_Init
                0x08000de0        0xe ./Application/Common/ble_services/svc_ctl.o
                0x08000de0                IPSS_Init
 .text.LNS_Init
                0x08000dee        0xe ./Application/Common/ble_services/svc_ctl.o
                0x08000dee                LNS_Init
 .text.SCPS_Init
                0x08000dfc        0xe ./Application/Common/ble_services/svc_ctl.o
                0x08000dfc                SCPS_Init
 *fill*         0x08000e0a        0x2 
 .text.SVCCTL_Init
                0x08000e0c       0xc0 ./Application/Common/ble_services/svc_ctl.o
                0x08000e0c                SVCCTL_Init
 .text.SVCCTL_RegisterSvcHandler
                0x08000ecc       0x34 ./Application/Common/ble_services/svc_ctl.o
                0x08000ecc                SVCCTL_RegisterSvcHandler
 .text.SVCCTL_HCI_UserEvtRx
                0x08000f00       0xbc ./Application/Common/ble_services/svc_ctl.o
                0x08000f00                SVCCTL_HCI_UserEvtRx
 .text.SVCCTL_GetBdAddress
                0x08000fbc       0x14 ./Application/Common/ble_services/svc_ctl.o
                0x08000fbc                SVCCTL_GetBdAddress
 .text.LL_PWR_SetPowerMode
                0x08000fd0       0x28 ./Application/Common/hw_interface/hw_lpm.o
 .text.LL_LPM_EnableSleep
                0x08000ff8       0x20 ./Application/Common/hw_interface/hw_lpm.o
 .text.LL_LPM_EnableDeepSleep
                0x08001018       0x20 ./Application/Common/hw_interface/hw_lpm.o
 .text.HW_SleepMode
                0x08001038        0xe ./Application/Common/hw_interface/hw_lpm.o
                0x08001038                HW_SleepMode
 .text.HW_StopMode
                0x08001046       0x1c ./Application/Common/hw_interface/hw_lpm.o
                0x08001046                HW_StopMode
 .text.HW_OffMode
                0x08001062       0x1c ./Application/Common/hw_interface/hw_lpm.o
                0x08001062                HW_OffMode
 *fill*         0x0800107e        0x2 
 .text.LL_PWR_SetWakeUpPinPolarityHigh
                0x08001080       0x28 ./Application/Common/hw_interface/hw_spi.o
 .text.LL_PWR_DisableGPIOPullUp
                0x080010a8       0x24 ./Application/Common/hw_interface/hw_spi.o
 .text.LL_PWR_DisableGPIOPullDown
                0x080010cc       0x28 ./Application/Common/hw_interface/hw_spi.o
 .text.LL_SPI_EnableDMAReq_RX
                0x080010f4       0x20 ./Application/Common/hw_interface/hw_spi.o
 .text.LL_SPI_EnableDMAReq_TX
                0x08001114       0x20 ./Application/Common/hw_interface/hw_spi.o
 .text.LL_SPI_DMA_GetRegAddr
                0x08001134       0x18 ./Application/Common/hw_interface/hw_spi.o
 .text.LL_DMA_SetMemoryIncMode
                0x0800114c       0x4c ./Application/Common/hw_interface/hw_spi.o
 .text.LL_DMA_SetDataLength
                0x08001198       0x4c ./Application/Common/hw_interface/hw_spi.o
 .text.LL_DMA_SetMemoryAddress
                0x080011e4       0x34 ./Application/Common/hw_interface/hw_spi.o
 .text.LL_DMA_SetPeriphAddress
                0x08001218       0x34 ./Application/Common/hw_interface/hw_spi.o
 .text.pf_nRFResetTimerCallBack
                0x0800124c       0x18 ./Application/Common/hw_interface/hw_spi.o
 .text.TimerTxRxCallback
                0x08001264       0x14 ./Application/Common/hw_interface/hw_spi.o
 .text.ReceiveClosure
                0x08001278       0x68 ./Application/Common/hw_interface/hw_spi.o
 .text.ProcessEndOfReceive
                0x080012e0       0x20 ./Application/Common/hw_interface/hw_spi.o
 .text.TimerTransmitCallback
                0x08001300       0x16 ./Application/Common/hw_interface/hw_spi.o
 *fill*         0x08001316        0x2 
 .text.HAL_SPI_MspInit
                0x08001318      0x288 ./Application/Common/hw_interface/hw_spi.o
                0x08001318                HAL_SPI_MspInit
 .text.SPI_Init
                0x080015a0       0x68 ./Application/Common/hw_interface/hw_spi.o
 .text.ResetBlueNRG
                0x08001608       0xa8 ./Application/Common/hw_interface/hw_spi.o
 .text.Enable_SPI_Receiving_Path
                0x080016b0       0x3c ./Application/Common/hw_interface/hw_spi.o
 .text.Disable_SPI_Receiving_Path
                0x080016ec        0xe ./Application/Common/hw_interface/hw_spi.o
 *fill*         0x080016fa        0x2 
 .text.Enable_SPI_CS
                0x080016fc       0x18 ./Application/Common/hw_interface/hw_spi.o
 .text.Disable_SPI_CS
                0x08001714       0x2c ./Application/Common/hw_interface/hw_spi.o
 .text.DisableEnable_SPI_CS
                0x08001740       0x2e ./Application/Common/hw_interface/hw_spi.o
 *fill*         0x0800176e        0x2 
 .text.WakeupBlueNRG
                0x08001770       0x30 ./Application/Common/hw_interface/hw_spi.o
 .text.TransmitClosure
                0x080017a0       0x58 ./Application/Common/hw_interface/hw_spi.o
 .text.SPI_Transmit_Manager
                0x080017f8       0xc8 ./Application/Common/hw_interface/hw_spi.o
 .text.SPI_Receive_Manager
                0x080018c0      0x198 ./Application/Common/hw_interface/hw_spi.o
 .text.ReceiveHeader
                0x08001a58       0x5c ./Application/Common/hw_interface/hw_spi.o
 .text.HW_BNRG_Init
                0x08001ab4       0xa8 ./Application/Common/hw_interface/hw_spi.o
                0x08001ab4                HW_BNRG_Init
 .text.HW_BNRG_Send
                0x08001b5c       0x50 ./Application/Common/hw_interface/hw_spi.o
                0x08001b5c                HW_BNRG_Send
 .text.HW_BNRG_EvtReq
                0x08001bac       0x40 ./Application/Common/hw_interface/hw_spi.o
                0x08001bac                HW_BNRG_EvtReq
 .text.HW_BNRG_SpiIrqCb
                0x08001bec       0x3c ./Application/Common/hw_interface/hw_spi.o
                0x08001bec                HW_BNRG_SpiIrqCb
 .text.HW_BNRG_DMATxCb
                0x08001c28       0xa8 ./Application/Common/hw_interface/hw_spi.o
                0x08001c28                HW_BNRG_DMATxCb
 .text.HW_BNRG_DMARxCb
                0x08001cd0      0x1d8 ./Application/Common/hw_interface/hw_spi.o
                0x08001cd0                HW_BNRG_DMARxCb
 .text.HW_BNRG_TimStartAllowed
                0x08001ea8       0x20 ./Application/Common/hw_interface/hw_spi.o
                0x08001ea8                HW_BNRG_TimStartAllowed
 .text.HW_BNRG_TimStartReq
                0x08001ec8        0xc ./Application/Common/hw_interface/hw_spi.o
                0x08001ec8                HW_BNRG_TimStartReq
 .text.LL_EXTI_EnableIT_0_31
                0x08001ed4       0x24 ./Application/Common/hw_interface/hw_timerserver.o
 .text.LL_EXTI_EnableRisingTrig_0_31
                0x08001ef8       0x24 ./Application/Common/hw_interface/hw_timerserver.o
 .text.LL_RTC_GetAsynchPrescaler
                0x08001f1c       0x1e ./Application/Common/hw_interface/hw_timerserver.o
 .text.LL_RTC_GetSynchPrescaler
                0x08001f3a       0x1c ./Application/Common/hw_interface/hw_timerserver.o
 .text.LL_RTC_TIME_GetSubSecond
                0x08001f56       0x1a ./Application/Common/hw_interface/hw_timerserver.o
 .text.LL_RTC_WAKEUP_IsEnabled
                0x08001f70       0x28 ./Application/Common/hw_interface/hw_timerserver.o
 .text.LL_RTC_WAKEUP_GetClock
                0x08001f98       0x1c ./Application/Common/hw_interface/hw_timerserver.o
 .text.LL_RTC_WAKEUP_SetAutoReload
                0x08001fb4       0x26 ./Application/Common/hw_interface/hw_timerserver.o
 *fill*         0x08001fda        0x2 
 .text.ReadRtcSsrValue
                0x08001fdc       0x4c ./Application/Common/hw_interface/hw_timerserver.o
 .text.LinkTimerAfter
                0x08002028       0x8c ./Application/Common/hw_interface/hw_timerserver.o
 .text.LinkTimerBefore
                0x080020b4       0xc0 ./Application/Common/hw_interface/hw_timerserver.o
 .text.linkTimer
                0x08002174      0x154 ./Application/Common/hw_interface/hw_timerserver.o
 .text.UnlinkTimer
                0x080022c8      0x108 ./Application/Common/hw_interface/hw_timerserver.o
 .text.ReturnTimeElapsed
                0x080023d0       0x80 ./Application/Common/hw_interface/hw_timerserver.o
 .text.RestartWakeupCounter
                0x08002450       0xb8 ./Application/Common/hw_interface/hw_timerserver.o
 .text.RescheduleTimerList
                0x08002508      0x13c ./Application/Common/hw_interface/hw_timerserver.o
 .text.HW_TS_RTC_Wakeup_Handler
                0x08002644      0x160 ./Application/Common/hw_interface/hw_timerserver.o
                0x08002644                HW_TS_RTC_Wakeup_Handler
 .text.HW_TS_Init
                0x080027a4      0x184 ./Application/Common/hw_interface/hw_timerserver.o
                0x080027a4                HW_TS_Init
 .text.HW_TS_Create
                0x08002928       0xf4 ./Application/Common/hw_interface/hw_timerserver.o
                0x08002928                HW_TS_Create
 .text.HW_TS_Delete
                0x08002a1c       0x34 ./Application/Common/hw_interface/hw_timerserver.o
                0x08002a1c                HW_TS_Delete
 .text.HW_TS_Stop
                0x08002a50       0xfc ./Application/Common/hw_interface/hw_timerserver.o
                0x08002a50                HW_TS_Stop
 .text.HW_TS_Start
                0x08002b4c       0xd0 ./Application/Common/hw_interface/hw_timerserver.o
                0x08002b4c                HW_TS_Start
 .text.HW_TS_RTC_CountUpdated_AppNot
                0x08002c1c        0xe ./Application/Common/hw_interface/hw_timerserver.o
                0x08002c1c                HW_TS_RTC_CountUpdated_AppNot
 *fill*         0x08002c2a        0x2 
 .text.Initialization
                0x08002c2c       0x18 ./Application/Common/tl/tl_ble_hci.o
 .text.Cmd_SetStatus
                0x08002c44       0x38 ./Application/Common/tl/tl_ble_hci.o
 .text.TL_BLE_EvtReceived
                0x08002c7c       0x48 ./Application/Common/tl/tl_ble_hci.o
                0x08002c7c                TL_BLE_EvtReceived
 .text.hci_timeout_callback
                0x08002cc4       0x1c ./Application/Common/tl/tl_ble_hci.o
 .text.TL_BLE_HCI_Init
                0x08002ce0       0x54 ./Application/Common/tl/tl_ble_hci.o
                0x08002ce0                TL_BLE_HCI_Init
 .text.CmdGetStatus
                0x08002d34       0x18 ./Application/Common/tl/tl_ble_hci.o
 .text.TL_BLE_HCI_UserEvtProc
                0x08002d4c       0x3c ./Application/Common/tl/tl_ble_hci.o
                0x08002d4c                TL_BLE_HCI_UserEvtProc
 .text.TL_BLE_HCI_SendCmd
                0x08002d88      0x148 ./Application/Common/tl/tl_ble_hci.o
                0x08002d88                TL_BLE_HCI_SendCmd
 .text.SendCmd  0x08002ed0       0x44 ./Application/Common/tl/tl_ble_hci.o
 .text.hci_send_req
                0x08002f14       0x1c ./Application/Common/tl/tl_ble_hci.o
                0x08002f14                hci_send_req
 .text.TL_BLE_R_EvtProcReq
                0x08002f30        0xe ./Application/Common/tl/tl_ble_io.o
                0x08002f30                TL_BLE_R_EvtProcReq
 .text.TL_BLE_HCI_RxCmdResp
                0x08002f3e        0xe ./Application/Common/tl/tl_ble_io.o
                0x08002f3e                TL_BLE_HCI_RxCmdResp
 .text.TL_BLE_HCI_ToNot
                0x08002f4c        0xe ./Application/Common/tl/tl_ble_io.o
                0x08002f4c                TL_BLE_HCI_ToNot
 .text.TL_BLE_HCI_WaitCmdResp
                0x08002f5a        0xe ./Application/Common/tl/tl_ble_io.o
                0x08002f5a                TL_BLE_HCI_WaitCmdResp
 .text.TL_BLE_HCI_TimStop
                0x08002f68       0x1a ./Application/Common/tl/tl_ble_io.o
                0x08002f68                TL_BLE_HCI_TimStop
 *fill*         0x08002f82        0x2 
 .text.TL_BLE_HCI_TimStart
                0x08002f84       0x48 ./Application/Common/tl/tl_ble_io.o
                0x08002f84                TL_BLE_HCI_TimStart
 .text.TL_BLE_HCI_UserEvtProcReq
                0x08002fcc       0x16 ./Application/Common/tl/tl_ble_io.o
                0x08002fcc                TL_BLE_HCI_UserEvtProcReq
 .text.TL_BLE_HCI_UserEvtRx
                0x08002fe2       0x16 ./Application/Common/tl/tl_ble_io.o
                0x08002fe2                TL_BLE_HCI_UserEvtRx
 .text.TL_BLE_R_EvtInput
                0x08002ff8       0x34 ./Application/Common/tl/tl_ble_reassembly.o
                0x08002ff8                TL_BLE_R_EvtInput
 .text.TL_BLE_R_EvtProc
                0x0800302c       0x14 ./Application/Common/tl/tl_ble_reassembly.o
                0x0800302c                TL_BLE_R_EvtProc
 .text.TL_BLE_R_Init
                0x08003040       0x50 ./Application/Common/tl/tl_ble_reassembly.o
                0x08003040                TL_BLE_R_Init
 .text.Event_Queue_Process
                0x08003090      0x200 ./Application/Common/tl/tl_ble_reassembly.o
 .text.TL_BLE_R_EvtDone
                0x08003290       0x44 ./Application/Common/tl/tl_ble_reassembly.o
                0x08003290                TL_BLE_R_EvtDone
 .text.TL_BLE_Init
                0x080032d4       0x6c ./Application/Common/tl/tl_ble_spi.o
                0x080032d4                TL_BLE_Init
 .text.TL_BLE_SendCmd
                0x08003340       0x30 ./Application/Common/tl/tl_ble_spi.o
                0x08003340                TL_BLE_SendCmd
 .text.HW_BNRG_Isr
                0x08003370       0xec ./Application/Common/tl/tl_ble_spi.o
                0x08003370                HW_BNRG_Isr
 .text.TL_BLE_EvtDone
                0x0800345c       0x16 ./Application/Common/tl/tl_ble_spi.o
                0x0800345c                TL_BLE_EvtDone
 *fill*         0x08003472        0x2 
 .text.Allocate_New_Buffer_To_TL
                0x08003474       0x48 ./Application/Common/tl/tl_ble_spi.o
 .text.LST_init_head
                0x080034bc       0x20 ./Application/Common/utilities/list.o
                0x080034bc                LST_init_head
 .text.LST_is_empty
                0x080034dc       0x44 ./Application/Common/utilities/list.o
                0x080034dc                LST_is_empty
 .text.LST_insert_tail
                0x08003520       0x4c ./Application/Common/utilities/list.o
                0x08003520                LST_insert_tail
 .text.LST_remove_node
                0x0800356c       0x42 ./Application/Common/utilities/list.o
                0x0800356c                LST_remove_node
 .text.LST_remove_head
                0x080035ae       0x3e ./Application/Common/utilities/list.o
                0x080035ae                LST_remove_head
 .text.LPM_SetConf
                0x080035ec       0x28 ./Application/Common/utilities/lpm.o
                0x080035ec                LPM_SetConf
 .text.LPM_SetOffMode
                0x08003614       0x68 ./Application/Common/utilities/lpm.o
                0x08003614                LPM_SetOffMode
 .text.LPM_SetStopMode
                0x0800367c       0x68 ./Application/Common/utilities/lpm.o
                0x0800367c                LPM_SetStopMode
 .text.LPM_EnterModeSelected
                0x080036e4       0x58 ./Application/Common/utilities/lpm.o
                0x080036e4                LPM_EnterModeSelected
 .text.LPM_EnterSleepMode
                0x0800373c        0xe ./Application/Common/utilities/lpm.o
                0x0800373c                LPM_EnterSleepMode
 .text.LPM_ExitSleepMode
                0x0800374a        0xe ./Application/Common/utilities/lpm.o
                0x0800374a                LPM_ExitSleepMode
 .text.LPM_EnterStopMode
                0x08003758        0xe ./Application/Common/utilities/lpm.o
                0x08003758                LPM_EnterStopMode
 *fill*         0x08003766        0x2 
 .text.MM_Init  0x08003768       0x60 ./Application/Common/utilities/memory_manager.o
                0x08003768                MM_Init
 .text.MM_GetBuffer
                0x080037c8       0x6c ./Application/Common/utilities/memory_manager.o
                0x080037c8                MM_GetBuffer
 .text.MM_ReleaseBuffer
                0x08003834       0x5c ./Application/Common/utilities/memory_manager.o
                0x08003834                MM_ReleaseBuffer
 .text.SCH_Run  0x08003890       0xcc ./Application/Common/utilities/scheduler.o
                0x08003890                SCH_Run
 .text.SCH_RegTask
                0x0800395c       0x40 ./Application/Common/utilities/scheduler.o
                0x0800395c                SCH_RegTask
 .text.SCH_SetTask
                0x0800399c       0x48 ./Application/Common/utilities/scheduler.o
                0x0800399c                SCH_SetTask
 .text.SCH_PauseTask
                0x080039e4       0x48 ./Application/Common/utilities/scheduler.o
                0x080039e4                SCH_PauseTask
 .text.SCH_ResumeTask
                0x08003a2c       0x48 ./Application/Common/utilities/scheduler.o
                0x08003a2c                SCH_ResumeTask
 .text.SCH_SetEvt
                0x08003a74       0x48 ./Application/Common/utilities/scheduler.o
                0x08003a74                SCH_SetEvt
 .text.SCH_WaitEvt
                0x08003abc       0x58 ./Application/Common/utilities/scheduler.o
                0x08003abc                SCH_WaitEvt
 .text.SCH_EvtIdle
                0x08003b14        0xc ./Application/Common/utilities/scheduler.o
                0x08003b14                SCH_EvtIdle
 .text.LBR_Init
                0x08003b20       0xf0 ./Application/P2P_LB_Example/lb_demo.o
                0x08003b20                LBR_Init
 .text.LBR_Adv_Request
                0x08003c10       0x58 ./Application/P2P_LB_Example/lb_demo.o
                0x08003c10                LBR_Adv_Request
 .text.SVCCTL_App_Notification
                0x08003c68       0xac ./Application/P2P_LB_Example/lb_demo.o
                0x08003c68                SVCCTL_App_Notification
 .text.LBR_App_Key_Button_Action
                0x08003d14        0xe ./Application/P2P_LB_Example/lb_demo.o
                0x08003d14                LBR_App_Key_Button_Action
 .text.BLESVC_InitCustomSvc
                0x08003d22        0xc ./Application/P2P_LB_Example/lb_demo.o
                0x08003d22                BLESVC_InitCustomSvc
 *fill*         0x08003d2e        0x2 
 .text.LBR_Notification
                0x08003d30       0x3c ./Application/P2P_LB_Example/lb_server_app.o
                0x08003d30                LBR_Notification
 .text.LBSAPP_Init
                0x08003d6c       0x2c ./Application/P2P_LB_Example/lb_server_app.o
                0x08003d6c                LBSAPP_Init
 .text.LB_App_Button_Trigger_Received
                0x08003d98       0x40 ./Application/P2P_LB_Example/lb_server_app.o
                0x08003d98                LB_App_Button_Trigger_Received
 .text.LBS_App_Notification
                0x08003dd8       0x7c ./Application/P2P_LB_Example/lb_server_app.o
                0x08003dd8                LBS_App_Notification
 .text.LL_RCC_ForceBackupDomainReset
                0x08003e54       0x24 ./Application/P2P_LB_Example/main.o
 .text.LL_RCC_ReleaseBackupDomainReset
                0x08003e78       0x24 ./Application/P2P_LB_Example/main.o
 .text.LL_RCC_IsActiveFlag_PINRST
                0x08003e9c       0x28 ./Application/P2P_LB_Example/main.o
 .text.LL_PWR_EnablePUPDCfg
                0x08003ec4       0x20 ./Application/P2P_LB_Example/main.o
 .text.LL_PWR_DisablePUPDCfg
                0x08003ee4       0x20 ./Application/P2P_LB_Example/main.o
 .text.LL_PWR_EnableWakeUpPin
                0x08003f04       0x24 ./Application/P2P_LB_Example/main.o
 .text.LL_PWR_DisableWakeUpPin
                0x08003f28       0x28 ./Application/P2P_LB_Example/main.o
 .text.LL_PWR_ClearFlag_SB
                0x08003f50       0x1c ./Application/P2P_LB_Example/main.o
 .text.LL_PWR_ClearFlag_WU1
                0x08003f6c       0x18 ./Application/P2P_LB_Example/main.o
 .text.LL_RTC_WAKEUP_SetClock
                0x08003f84       0x26 ./Application/P2P_LB_Example/main.o
 *fill*         0x08003faa        0x2 
 .text.main     0x08003fac       0xd0 ./Application/P2P_LB_Example/main.o
                0x08003fac                main
 .text.Init_RTC
                0x0800407c       0xb0 ./Application/P2P_LB_Example/main.o
 .text.SystemPower_Config
                0x0800412c       0xf0 ./Application/P2P_LB_Example/main.o
 .text.SystemLowPowerMode_Config
                0x0800421c       0x22 ./Application/P2P_LB_Example/main.o
 .text.SystemClock_Config
                0x0800423e       0x66 ./Application/P2P_LB_Example/main.o
                0x0800423e                SystemClock_Config
 .text.HAL_GPIO_EXTI_Callback
                0x080042a4       0x2c ./Application/P2P_LB_Example/main.o
                0x080042a4                HAL_GPIO_EXTI_Callback
 .text.LPM_ExitStopMode
                0x080042d0        0xe ./Application/P2P_LB_Example/main.o
                0x080042d0                LPM_ExitStopMode
 .text.LPM_EnterOffMode
                0x080042de       0x12 ./Application/P2P_LB_Example/main.o
                0x080042de                LPM_EnterOffMode
 .text.LPM_ExitOffMode
                0x080042f0       0x16 ./Application/P2P_LB_Example/main.o
                0x080042f0                LPM_ExitOffMode
 .text.HAL_InitTick
                0x08004306       0x16 ./Application/P2P_LB_Example/main.o
                0x08004306                HAL_InitTick
 .text.SCH_Idle
                0x0800431c        0xc ./Application/P2P_LB_Example/main.o
                0x0800431c                SCH_Idle
 .text.TL_BLE_HCI_StatusNot
                0x08004328       0x46 ./Application/P2P_LB_Example/main.o
                0x08004328                TL_BLE_HCI_StatusNot
 .text.HW_TS_RTC_Int_AppNot
                0x0800436e       0x28 ./Application/P2P_LB_Example/main.o
                0x0800436e                HW_TS_RTC_Int_AppNot
 .text.NMI_Handler
                0x08004396        0xe ./Application/P2P_LB_Example/stm32l4xx_it.o
                0x08004396                NMI_Handler
 .text.HardFault_Handler
                0x080043a4        0x8 ./Application/P2P_LB_Example/stm32l4xx_it.o
                0x080043a4                HardFault_Handler
 .text.MemManage_Handler
                0x080043ac        0x8 ./Application/P2P_LB_Example/stm32l4xx_it.o
                0x080043ac                MemManage_Handler
 .text.BusFault_Handler
                0x080043b4        0x8 ./Application/P2P_LB_Example/stm32l4xx_it.o
                0x080043b4                BusFault_Handler
 .text.UsageFault_Handler
                0x080043bc        0x8 ./Application/P2P_LB_Example/stm32l4xx_it.o
                0x080043bc                UsageFault_Handler
 .text.SVC_Handler
                0x080043c4        0xe ./Application/P2P_LB_Example/stm32l4xx_it.o
                0x080043c4                SVC_Handler
 .text.DebugMon_Handler
                0x080043d2        0xe ./Application/P2P_LB_Example/stm32l4xx_it.o
                0x080043d2                DebugMon_Handler
 .text.PendSV_Handler
                0x080043e0        0xe ./Application/P2P_LB_Example/stm32l4xx_it.o
                0x080043e0                PendSV_Handler
 .text.SysTick_Handler
                0x080043ee        0xc ./Application/P2P_LB_Example/stm32l4xx_it.o
                0x080043ee                SysTick_Handler
 .text.RTC_WKUP_IRQHandler
                0x080043fa        0xc ./Application/P2P_LB_Example/stm32l4xx_it.o
                0x080043fa                RTC_WKUP_IRQHandler
 .text.EXTI9_5_IRQHandler
                0x08004406        0xe ./Application/P2P_LB_Example/stm32l4xx_it.o
                0x08004406                EXTI9_5_IRQHandler
 .text.EXTI15_10_IRQHandler
                0x08004414       0x10 ./Application/P2P_LB_Example/stm32l4xx_it.o
                0x08004414                EXTI15_10_IRQHandler
 .text.DMA2_Channel1_IRQHandler
                0x08004424        0xc ./Application/P2P_LB_Example/stm32l4xx_it.o
                0x08004424                DMA2_Channel1_IRQHandler
 .text.DMA2_Channel2_IRQHandler
                0x08004430        0xc ./Application/P2P_LB_Example/stm32l4xx_it.o
                0x08004430                DMA2_Channel2_IRQHandler
 .text.SystemInit
                0x0800443c       0x68 ./Application/P2P_LB_Example/system_stm32l4xx.o
                0x0800443c                SystemInit
 .text.Reset_Handler
                0x080044a4       0x50 ./Application/Startup/startup_stm32l475vgtx.o
                0x080044a4                Reset_Handler
 .text.Default_Handler
                0x080044f4        0x2 ./Application/Startup/startup_stm32l475vgtx.o
                0x080044f4                RTC_Alarm_IRQHandler
                0x080044f4                EXTI2_IRQHandler
                0x080044f4                TIM8_TRG_COM_IRQHandler
                0x080044f4                TIM8_CC_IRQHandler
                0x080044f4                TIM1_CC_IRQHandler
                0x080044f4                TSC_IRQHandler
                0x080044f4                TAMP_STAMP_IRQHandler
                0x080044f4                EXTI3_IRQHandler
                0x080044f4                LPTIM2_IRQHandler
                0x080044f4                DFSDM1_FLT1_IRQHandler
                0x080044f4                I2C3_ER_IRQHandler
                0x080044f4                DFSDM1_FLT2_IRQHandler
                0x080044f4                EXTI0_IRQHandler
                0x080044f4                I2C2_EV_IRQHandler
                0x080044f4                CAN1_RX0_IRQHandler
                0x080044f4                FPU_IRQHandler
                0x080044f4                TIM1_UP_TIM16_IRQHandler
                0x080044f4                ADC1_2_IRQHandler
                0x080044f4                SPI1_IRQHandler
                0x080044f4                TIM6_DAC_IRQHandler
                0x080044f4                TIM8_UP_IRQHandler
                0x080044f4                DMA1_Channel4_IRQHandler
                0x080044f4                SAI2_IRQHandler
                0x080044f4                DFSDM1_FLT3_IRQHandler
                0x080044f4                USART3_IRQHandler
                0x080044f4                DMA1_Channel7_IRQHandler
                0x080044f4                CAN1_RX1_IRQHandler
                0x080044f4                UART5_IRQHandler
                0x080044f4                ADC3_IRQHandler
                0x080044f4                TIM4_IRQHandler
                0x080044f4                QUADSPI_IRQHandler
                0x080044f4                I2C1_EV_IRQHandler
                0x080044f4                DMA1_Channel6_IRQHandler
                0x080044f4                UART4_IRQHandler
                0x080044f4                DMA2_Channel4_IRQHandler
                0x080044f4                TIM3_IRQHandler
                0x080044f4                RCC_IRQHandler
                0x080044f4                DMA1_Channel1_IRQHandler
                0x080044f4                Default_Handler
                0x080044f4                DMA2_Channel7_IRQHandler
                0x080044f4                TIM7_IRQHandler
                0x080044f4                SDMMC1_IRQHandler
                0x080044f4                TIM5_IRQHandler
                0x080044f4                I2C3_EV_IRQHandler
                0x080044f4                PVD_PVM_IRQHandler
                0x080044f4                SPI2_IRQHandler
                0x080044f4                CAN1_TX_IRQHandler
                0x080044f4                DMA2_Channel5_IRQHandler
                0x080044f4                DMA1_Channel5_IRQHandler
                0x080044f4                EXTI4_IRQHandler
                0x080044f4                RNG_IRQHandler
                0x080044f4                TIM1_TRG_COM_TIM17_IRQHandler
                0x080044f4                DMA1_Channel3_IRQHandler
                0x080044f4                COMP_IRQHandler
                0x080044f4                WWDG_IRQHandler
                0x080044f4                LPUART1_IRQHandler
                0x080044f4                DMA2_Channel6_IRQHandler
                0x080044f4                TIM2_IRQHandler
                0x080044f4                EXTI1_IRQHandler
                0x080044f4                USART2_IRQHandler
                0x080044f4                DFSDM1_FLT0_IRQHandler
                0x080044f4                I2C2_ER_IRQHandler
                0x080044f4                DMA1_Channel2_IRQHandler
                0x080044f4                TIM8_BRK_IRQHandler
                0x080044f4                CAN1_SCE_IRQHandler
                0x080044f4                FLASH_IRQHandler
                0x080044f4                USART1_IRQHandler
                0x080044f4                OTG_FS_IRQHandler
                0x080044f4                SPI3_IRQHandler
                0x080044f4                I2C1_ER_IRQHandler
                0x080044f4                FMC_IRQHandler
                0x080044f4                SWPMI1_IRQHandler
                0x080044f4                LPTIM1_IRQHandler
                0x080044f4                SAI1_IRQHandler
                0x080044f4                DMA2_Channel3_IRQHandler
                0x080044f4                TIM1_BRK_TIM15_IRQHandler
 *fill*         0x080044f6        0x2 
 .text.BSP_LED_Init
                0x080044f8       0x60 ./Drivers/BSP/STM32L475x_IoT_Discovery/stm32l475e_iot01.o
                0x080044f8                BSP_LED_Init
 .text.BSP_LED_On
                0x08004558       0x2c ./Drivers/BSP/STM32L475x_IoT_Discovery/stm32l475e_iot01.o
                0x08004558                BSP_LED_On
 .text.BSP_LED_Off
                0x08004584       0x2c ./Drivers/BSP/STM32L475x_IoT_Discovery/stm32l475e_iot01.o
                0x08004584                BSP_LED_Off
 .text.BSP_PB_Init
                0x080045b0       0xac ./Drivers/BSP/STM32L475x_IoT_Discovery/stm32l475e_iot01.o
                0x080045b0                BSP_PB_Init
 .text.HAL_Init
                0x0800465c       0x40 ./Drivers/STM32L4xx_HAL_Driver/stm32l4xx_hal.o
                0x0800465c                HAL_Init
 .text.HAL_MspInit
                0x0800469c        0xe ./Drivers/STM32L4xx_HAL_Driver/stm32l4xx_hal.o
                0x0800469c                HAL_MspInit
 *fill*         0x080046aa        0x2 
 .text.HAL_IncTick
                0x080046ac       0x28 ./Drivers/STM32L4xx_HAL_Driver/stm32l4xx_hal.o
                0x080046ac                HAL_IncTick
 .text.HAL_GetTick
                0x080046d4       0x18 ./Drivers/STM32L4xx_HAL_Driver/stm32l4xx_hal.o
                0x080046d4                HAL_GetTick
 .text.HAL_DBGMCU_EnableDBGSleepMode
                0x080046ec       0x20 ./Drivers/STM32L4xx_HAL_Driver/stm32l4xx_hal.o
                0x080046ec                HAL_DBGMCU_EnableDBGSleepMode
 .text.HAL_DBGMCU_EnableDBGStopMode
                0x0800470c       0x20 ./Drivers/STM32L4xx_HAL_Driver/stm32l4xx_hal.o
                0x0800470c                HAL_DBGMCU_EnableDBGStopMode
 .text.HAL_DBGMCU_EnableDBGStandbyMode
                0x0800472c       0x20 ./Drivers/STM32L4xx_HAL_Driver/stm32l4xx_hal.o
                0x0800472c                HAL_DBGMCU_EnableDBGStandbyMode
 .text.__NVIC_SetPriorityGrouping
                0x0800474c       0x48 ./Drivers/STM32L4xx_HAL_Driver/stm32l4xx_hal_cortex.o
 .text.__NVIC_GetPriorityGrouping
                0x08004794       0x1c ./Drivers/STM32L4xx_HAL_Driver/stm32l4xx_hal_cortex.o
 .text.__NVIC_EnableIRQ
                0x080047b0       0x3c ./Drivers/STM32L4xx_HAL_Driver/stm32l4xx_hal_cortex.o
 .text.__NVIC_DisableIRQ
                0x080047ec       0x48 ./Drivers/STM32L4xx_HAL_Driver/stm32l4xx_hal_cortex.o
 .text.__NVIC_SetPendingIRQ
                0x08004834       0x3c ./Drivers/STM32L4xx_HAL_Driver/stm32l4xx_hal_cortex.o
 .text.__NVIC_ClearPendingIRQ
                0x08004870       0x3c ./Drivers/STM32L4xx_HAL_Driver/stm32l4xx_hal_cortex.o
 .text.__NVIC_SetPriority
                0x080048ac       0x54 ./Drivers/STM32L4xx_HAL_Driver/stm32l4xx_hal_cortex.o
 .text.NVIC_EncodePriority
                0x08004900       0x66 ./Drivers/STM32L4xx_HAL_Driver/stm32l4xx_hal_cortex.o
 .text.HAL_NVIC_SetPriorityGrouping
                0x08004966       0x16 ./Drivers/STM32L4xx_HAL_Driver/stm32l4xx_hal_cortex.o
                0x08004966                HAL_NVIC_SetPriorityGrouping
 .text.HAL_NVIC_SetPriority
                0x0800497c       0x38 ./Drivers/STM32L4xx_HAL_Driver/stm32l4xx_hal_cortex.o
                0x0800497c                HAL_NVIC_SetPriority
 .text.HAL_NVIC_EnableIRQ
                0x080049b4       0x1c ./Drivers/STM32L4xx_HAL_Driver/stm32l4xx_hal_cortex.o
                0x080049b4                HAL_NVIC_EnableIRQ
 .text.HAL_NVIC_DisableIRQ
                0x080049d0       0x1c ./Drivers/STM32L4xx_HAL_Driver/stm32l4xx_hal_cortex.o
                0x080049d0                HAL_NVIC_DisableIRQ
 .text.HAL_NVIC_SetPendingIRQ
                0x080049ec       0x1c ./Drivers/STM32L4xx_HAL_Driver/stm32l4xx_hal_cortex.o
                0x080049ec                HAL_NVIC_SetPendingIRQ
 .text.HAL_NVIC_ClearPendingIRQ
                0x08004a08       0x1c ./Drivers/STM32L4xx_HAL_Driver/stm32l4xx_hal_cortex.o
                0x08004a08                HAL_NVIC_ClearPendingIRQ
 .text.HAL_DMA_Init
                0x08004a24      0x170 ./Drivers/STM32L4xx_HAL_Driver/stm32l4xx_hal_dma.o
                0x08004a24                HAL_DMA_Init
 .text.HAL_GPIO_Init
                0x08004b94      0x354 ./Drivers/STM32L4xx_HAL_Driver/stm32l4xx_hal_gpio.o
                0x08004b94                HAL_GPIO_Init
 .text.HAL_GPIO_ReadPin
                0x08004ee8       0x30 ./Drivers/STM32L4xx_HAL_Driver/stm32l4xx_hal_gpio.o
                0x08004ee8                HAL_GPIO_ReadPin
 .text.HAL_GPIO_WritePin
                0x08004f18       0x30 ./Drivers/STM32L4xx_HAL_Driver/stm32l4xx_hal_gpio.o
                0x08004f18                HAL_GPIO_WritePin
 .text.HAL_GPIO_EXTI_IRQHandler
                0x08004f48       0x30 ./Drivers/STM32L4xx_HAL_Driver/stm32l4xx_hal_gpio.o
                0x08004f48                HAL_GPIO_EXTI_IRQHandler
 .text.HAL_PWR_EnableBkUpAccess
                0x08004f78       0x20 ./Drivers/STM32L4xx_HAL_Driver/stm32l4xx_hal_pwr.o
                0x08004f78                HAL_PWR_EnableBkUpAccess
 .text.HAL_PWREx_GetVoltageRange
                0x08004f98       0x1c ./Drivers/STM32L4xx_HAL_Driver/stm32l4xx_hal_pwr_ex.o
                0x08004f98                HAL_PWREx_GetVoltageRange
 .text.HAL_PWREx_EnableSRAM2ContentRetention
                0x08004fb4       0x10 ./Drivers/STM32L4xx_HAL_Driver/stm32l4xx_hal_pwr_ex.o
                0x08004fb4                HAL_PWREx_EnableSRAM2ContentRetention
 .text.HAL_PWREx_SetSRAM2ContentRetention
                0x08004fc4       0x48 ./Drivers/STM32L4xx_HAL_Driver/stm32l4xx_hal_pwr_ex.o
                0x08004fc4                HAL_PWREx_SetSRAM2ContentRetention
 .text.HAL_RCC_OscConfig
                0x0800500c      0x7b8 ./Drivers/STM32L4xx_HAL_Driver/stm32l4xx_hal_rcc.o
                0x0800500c                HAL_RCC_OscConfig
 .text.HAL_RCC_ClockConfig
                0x080057c4      0x200 ./Drivers/STM32L4xx_HAL_Driver/stm32l4xx_hal_rcc.o
                0x080057c4                HAL_RCC_ClockConfig
 .text.HAL_RCC_GetSysClockFreq
                0x080059c4      0x118 ./Drivers/STM32L4xx_HAL_Driver/stm32l4xx_hal_rcc.o
                0x080059c4                HAL_RCC_GetSysClockFreq
 .text.RCC_SetFlashLatencyFromMSIRange
                0x08005adc       0xc0 ./Drivers/STM32L4xx_HAL_Driver/stm32l4xx_hal_rcc.o
 .text.HAL_RTC_Init
                0x08005b9c      0x110 ./Drivers/STM32L4xx_HAL_Driver/stm32l4xx_hal_rtc.o
                0x08005b9c                HAL_RTC_Init
 .text.HAL_RTC_MspInit
                0x08005cac       0x14 ./Drivers/STM32L4xx_HAL_Driver/stm32l4xx_hal_rtc.o
                0x08005cac                HAL_RTC_MspInit
 .text.HAL_RTC_WaitForSynchro
                0x08005cc0       0x48 ./Drivers/STM32L4xx_HAL_Driver/stm32l4xx_hal_rtc.o
                0x08005cc0                HAL_RTC_WaitForSynchro
 .text.RTC_EnterInitMode
                0x08005d08       0x66 ./Drivers/STM32L4xx_HAL_Driver/stm32l4xx_hal_rtc.o
                0x08005d08                RTC_EnterInitMode
 *fill*         0x08005d6e        0x2 
 .text.RTC_ExitInitMode
                0x08005d70       0x7c ./Drivers/STM32L4xx_HAL_Driver/stm32l4xx_hal_rtc.o
                0x08005d70                RTC_ExitInitMode
 .text.HAL_RTCEx_EnableBypassShadow
                0x08005dec       0x6c ./Drivers/STM32L4xx_HAL_Driver/stm32l4xx_hal_rtc_ex.o
                0x08005dec                HAL_RTCEx_EnableBypassShadow
 .text.HAL_SPI_Init
                0x08005e58      0x146 ./Drivers/STM32L4xx_HAL_Driver/stm32l4xx_hal_spi.o
                0x08005e58                HAL_SPI_Init
 .text.memset   0x08005f9e       0x10 C:/ST/STM32CubeIDE_2.0.0/STM32CubeIDE/plugins/com.st.stm32cube.ide.mcu.externaltools.gnu-tools-for-stm32.13.3.rel1.win32_1.0.100.202509120712/tools/bin/../lib/gcc/arm-none-eabi/13.3.1/../../../../arm-none-eabi/lib/thumb/v7e-m+fp/hard\libc_nano.a(libc_a-memset.o)
                0x08005f9e                memset
 *fill*         0x08005fae        0x2 
 .text.__libc_init_array
                0x08005fb0       0x48 C:/ST/STM32CubeIDE_2.0.0/STM32CubeIDE/plugins/com.st.stm32cube.ide.mcu.externaltools.gnu-tools-for-stm32.13.3.rel1.win32_1.0.100.202509120712/tools/bin/../lib/gcc/arm-none-eabi/13.3.1/../../../../arm-none-eabi/lib/thumb/v7e-m+fp/hard\libc_nano.a(libc_a-init.o)
                0x08005fb0                __libc_init_array
 .text.memcpy   0x08005ff8       0x1c C:/ST/STM32CubeIDE_2.0.0/STM32CubeIDE/plugins/com.st.stm32cube.ide.mcu.externaltools.gnu-tools-for-stm32.13.3.rel1.win32_1.0.100.202509120712/tools/bin/../lib/gcc/arm-none-eabi/13.3.1/../../../../arm-none-eabi/lib/thumb/v7e-m+fp/hard\libc_nano.a(libc_a-memcpy-stub.o)
                0x08005ff8                memcpy
 *(.glue_7)
 .glue_7        0x08006014        0x0 linker stubs
 *(.glue_7t)
 .glue_7t       0x08006014        0x0 linker stubs
 *(.eh_frame)
 .eh_frame      0x08006014        0x0 C:/ST/STM32CubeIDE_2.0.0/STM32CubeIDE/plugins/com.st.stm32cube.ide.mcu.externaltools.gnu-tools-for-stm32.13.3.rel1.win32_1.0.100.202509120712/tools/bin/../lib/gcc/arm-none-eabi/13.3.1/thumb/v7e-m+fp/hard/crtbegin.o
 *(.init)
 .init          0x08006014        0x4 C:/ST/STM32CubeIDE_2.0.0/STM32CubeIDE/plugins/com.st.stm32cube.ide.mcu.externaltools.gnu-tools-for-stm32.13.3.rel1.win32_1.0.100.202509120712/tools/bin/../lib/gcc/arm-none-eabi/13.3.1/thumb/v7e-m+fp/hard/crti.o
                0x08006014                _init
 .init          0x08006018        0x8 C:/ST/STM32CubeIDE_2.0.0/STM32CubeIDE/plugins/com.st.stm32cube.ide.mcu.externaltools.gnu-tools-for-stm32.13.3.rel1.win32_1.0.100.202509120712/tools/bin/../lib/gcc/arm-none-eabi/13.3.1/thumb/v7e-m+fp/hard/crtn.o
 *(.fini)
 .fini          0x08006020        0x4 C:/ST/STM32CubeIDE_2.0.0/STM32CubeIDE/plugins/com.st.stm32cube.ide.mcu.externaltools.gnu-tools-for-stm32.13.3.rel1.win32_1.0.100.202509120712/tools/bin/../lib/gcc/arm-none-eabi/13.3.1/thumb/v7e-m+fp/hard/crti.o
                0x08006020                _fini
 .fini          0x08006024        0x8 C:/ST/STM32CubeIDE_2.0.0/STM32CubeIDE/plugins/com.st.stm32cube.ide.mcu.externaltools.gnu-tools-for-stm32.13.3.rel1.win32_1.0.100.202509120712/tools/bin/../lib/gcc/arm-none-eabi/13.3.1/thumb/v7e-m+fp/hard/crtn.o
                0x0800602c                        . = ALIGN (0x4)
                0x0800602c                        _etext = .

.vfp11_veneer   0x0800602c        0x0
 .vfp11_veneer  0x0800602c        0x0 linker stubs

.v4_bx          0x0800602c        0x0
 .v4_bx         0x0800602c        0x0 linker stubs

.iplt           0x0800602c        0x0
 .iplt          0x0800602c        0x0 C:/ST/STM32CubeIDE_2.0.0/STM32CubeIDE/plugins/com.st.stm32cube.ide.mcu.externaltools.gnu-tools-for-stm32.13.3.rel1.win32_1.0.100.202509120712/tools/bin/../lib/gcc/arm-none-eabi/13.3.1/thumb/v7e-m+fp/hard/crtbegin.o

.rodata         0x0800602c       0x74
                0x0800602c                        . = ALIGN (0x4)
 *(.rodata)
 .rodata        0x0800602c        0x8 ./Application/Common/ble_services/svc_ctl.o
 *(.rodata*)
 .rodata.M_bd_addr
                0x08006034        0x6 ./Application/Common/ble_services/svc_ctl.o
 *fill*         0x0800603a        0x2 
 .rodata.CHANNEL_OFFSET_TAB
                0x0800603c        0x7 ./Application/Common/hw_interface/hw_spi.o
 *fill*         0x08006043        0x1 
 .rodata.WriteHeaderCmd
                0x08006044        0x5 ./Application/Common/hw_interface/hw_spi.o
 *fill*         0x08006049        0x3 
 .rodata.ReadHeaderCmd
                0x0800604c        0x5 ./Application/Common/hw_interface/hw_spi.o
 .rodata.DummyBytes
                0x08006051        0x1 ./Application/Common/hw_interface/hw_spi.o
 *fill*         0x08006052        0x2 
 .rodata.local_name
                0x08006054        0x9 ./Application/P2P_LB_Example/lb_demo.o
 *fill*         0x0800605d        0x3 
 .rodata.AHBPrescTable
                0x08006060       0x10 ./Application/P2P_LB_Example/system_stm32l4xx.o
                0x08006060                AHBPrescTable
 .rodata.MSIRangeTable
                0x08006070       0x30 ./Application/P2P_LB_Example/system_stm32l4xx.o
                0x08006070                MSIRangeTable
                0x080060a0                        . = ALIGN (0x4)

.ARM.extab      0x080060a0        0x0
                0x080060a0                        . = ALIGN (0x4)
 *(.ARM.extab* .gnu.linkonce.armextab.*)
                0x080060a0                        . = ALIGN (0x4)

.ARM            0x080060a0        0x8
                0x080060a0                        . = ALIGN (0x4)
                0x080060a0                        __exidx_start = .
 *(.ARM.exidx*)
 .ARM.exidx     0x080060a0        0x8 C:/ST/STM32CubeIDE_2.0.0/STM32CubeIDE/plugins/com.st.stm32cube.ide.mcu.externaltools.gnu-tools-for-stm32.13.3.rel1.win32_1.0.100.202509120712/tools/bin/../lib/gcc/arm-none-eabi/13.3.1/../../../../arm-none-eabi/lib/thumb/v7e-m+fp/hard\libc_nano.a(libc_a-strlen.o)
                0x080060a8                        __exidx_end = .
                0x080060a8                        . = ALIGN (0x4)

.rel.dyn        0x080060a8        0x0
 .rel.iplt      0x080060a8        0x0 C:/ST/STM32CubeIDE_2.0.0/STM32CubeIDE/plugins/com.st.stm32cube.ide.mcu.externaltools.gnu-tools-for-stm32.13.3.rel1.win32_1.0.100.202509120712/tools/bin/../lib/gcc/arm-none-eabi/13.3.1/thumb/v7e-m+fp/hard/crtbegin.o

.preinit_array  0x080060a8        0x0
                0x080060a8                        . = ALIGN (0x4)
                0x080060a8                        PROVIDE (__preinit_array_start = .)
 *(.preinit_array*)
                0x080060a8                        PROVIDE (__preinit_array_end = .)
                0x080060a8                        . = ALIGN (0x4)

.init_array     0x080060a8        0x4
                0x080060a8                        . = ALIGN (0x4)
                0x080060a8                        PROVIDE (__init_array_start = .)
 *(SORT_BY_NAME(.init_array.*))
 *(.init_array*)
 .init_array    0x080060a8        0x4 C:/ST/STM32CubeIDE_2.0.0/STM32CubeIDE/plugins/com.st.stm32cube.ide.mcu.externaltools.gnu-tools-for-stm32.13.3.rel1.win32_1.0.100.202509120712/tools/bin/../lib/gcc/arm-none-eabi/13.3.1/thumb/v7e-m+fp/hard/crtbegin.o
                0x080060ac                        PROVIDE (__init_array_end = .)
                0x080060ac                        . = ALIGN (0x4)

.fini_array     0x080060ac        0x4
                0x080060ac                        . = ALIGN (0x4)
                [!provide]                        PROVIDE (__fini_array_start = .)
 *(SORT_BY_NAME(.fini_array.*))
 *(.fini_array*)
 .fini_array    0x080060ac        0x4 C:/ST/STM32CubeIDE_2.0.0/STM32CubeIDE/plugins/com.st.stm32cube.ide.mcu.externaltools.gnu-tools-for-stm32.13.3.rel1.win32_1.0.100.202509120712/tools/bin/../lib/gcc/arm-none-eabi/13.3.1/thumb/v7e-m+fp/hard/crtbegin.o
                [!provide]                        PROVIDE (__fini_array_end = .)
                0x080060b0                        . = ALIGN (0x4)
                0x080060b0                        _sidata = LOADADDR (.data)

.data           0x20000000       0x18 load address 0x080060b0
                0x20000000                        . = ALIGN (0x4)
                0x20000000                        _sdata = .
 *(.data)
 *(.data*)
 .data.TaskMask
                0x20000000        0x4 ./Application/Common/utilities/scheduler.o
 .data.SystemCoreClock
                0x20000004        0x4 ./Application/P2P_LB_Example/system_stm32l4xx.o
                0x20000004                SystemCoreClock
 .data.GPIO_PORT
                0x20000008        0x4 ./Drivers/BSP/STM32L475x_IoT_Discovery/stm32l475e_iot01.o
                0x20000008                GPIO_PORT
 .data.BUTTON_PORT
                0x2000000c        0x4 ./Drivers/BSP/STM32L475x_IoT_Discovery/stm32l475e_iot01.o
                0x2000000c                BUTTON_PORT
 .data.uwTickPrio
                0x20000010        0x4 ./Drivers/STM32L4xx_HAL_Driver/stm32l4xx_hal.o
                0x20000010                uwTickPrio
 .data.uwTickFreq
                0x20000014        0x1 ./Drivers/STM32L4xx_HAL_Driver/stm32l4xx_hal.o
                0x20000014                uwTickFreq
 *(.RamFunc)
 *(.RamFunc*)
                0x20000018                        . = ALIGN (0x4)
 *fill*         0x20000015        0x3 
                0x20000018                        _edata = .
                0x080060c8                        _sisram2 = LOADADDR (.sram2)

.igot.plt       0x20000018        0x0 load address 0x080060c8
 .igot.plt      0x20000018        0x0 C:/ST/STM32CubeIDE_2.0.0/STM32CubeIDE/plugins/com.st.stm32cube.ide.mcu.externaltools.gnu-tools-for-stm32.13.3.rel1.win32_1.0.100.202509120712/tools/bin/../lib/gcc/arm-none-eabi/13.3.1/thumb/v7e-m+fp/hard/crtbegin.o

.sram2          0x10000000        0x0 load address 0x080060c8
                0x10000000                        . = ALIGN (0x4)
                0x10000000                        _ssram2 = .
 *(.sram2)
 *(.sram2*)
                0x10000000                        . = ALIGN (0x4)
                0x10000000                        _esram2 = .
                0x10000000                        . = ALIGN (0x4)

.bss            0x20000018      0xac4
                0x20000018                        _sbss = .
                0x20000018                        __bss_start__ = _sbss
 *(.bss)
 .bss           0x20000018       0x1c C:/ST/STM32CubeIDE_2.0.0/STM32CubeIDE/plugins/com.st.stm32cube.ide.mcu.externaltools.gnu-tools-for-stm32.13.3.rel1.win32_1.0.100.202509120712/tools/bin/../lib/gcc/arm-none-eabi/13.3.1/thumb/v7e-m+fp/hard/crtbegin.o
 *(.bss*)
 .bss.aLedButtonContext
                0x20000034        0x6 ./Application/Common/ble_services/lbs_stm.o
 *fill*         0x2000003a        0x2 
 .bss.SVCCTL_EvtHandler
                0x2000003c        0xc ./Application/Common/ble_services/svc_ctl.o
                0x2000003c                SVCCTL_EvtHandler
 .bss.SVCCTL_CltHandler
                0x20000048        0xc ./Application/Common/ble_services/svc_ctl.o
                0x20000048                SVCCTL_CltHandler
 .bss.TxRxTimerId
                0x20000054        0x1 ./Application/Common/hw_interface/hw_spi.o
 *fill*         0x20000055        0x3 
 .bss.SpiContext
                0x20000058       0x20 ./Application/Common/hw_interface/hw_spi.o
 .bss.pTimerTxRxCallback
                0x20000078        0x4 ./Application/Common/hw_interface/hw_spi.o
 .bss.RfResetTimerLock
                0x2000007c        0x1 ./Application/Common/hw_interface/hw_spi.o
 *fill*         0x2000007d        0x3 
 .bss.ReceivedHeader
                0x20000080        0x5 ./Application/Common/hw_interface/hw_spi.o
 *fill*         0x20000085        0x3 
 .bss.TimeoutTicks
                0x20000088        0x4 ./Application/Common/hw_interface/hw_spi.o
 .bss.SpiHandle
                0x2000008c       0x64 ./Application/Common/hw_interface/hw_spi.o
 .bss.hdma_tx.1
                0x200000f0       0x48 ./Application/Common/hw_interface/hw_spi.o
 .bss.hdma_rx.0
                0x20000138       0x48 ./Application/Common/hw_interface/hw_spi.o
 .bss.aTimerContext
                0x20000180       0x90 ./Application/Common/hw_interface/hw_timerserver.o
 .bss.CurrentRunningTimerID
                0x20000210        0x1 ./Application/Common/hw_interface/hw_timerserver.o
 .bss.PreviousRunningTimerID
                0x20000211        0x1 ./Application/Common/hw_interface/hw_timerserver.o
 *fill*         0x20000212        0x2 
 .bss.SSRValueOnLastSetup
                0x20000214        0x4 ./Application/Common/hw_interface/hw_timerserver.o
 .bss.WakeupTimerLimitation
                0x20000218        0x1 ./Application/Common/hw_interface/hw_timerserver.o
 *fill*         0x20000219        0x3 
 .bss.phrtc     0x2000021c        0x4 ./Application/Common/hw_interface/hw_timerserver.o
 .bss.WakeupTimerDivider
                0x20000220        0x1 ./Application/Common/hw_interface/hw_timerserver.o
 .bss.AsynchPrescalerUserConfig
                0x20000221        0x1 ./Application/Common/hw_interface/hw_timerserver.o
 .bss.SynchPrescalerUserConfig
                0x20000222        0x2 ./Application/Common/hw_interface/hw_timerserver.o
 .bss.MaxWakeupTimerSetup
                0x20000224        0x2 ./Application/Common/hw_interface/hw_timerserver.o
 .bss.hci_timer_id
                0x20000226        0x1 ./Application/Common/tl/tl_ble_hci.o
 *fill*         0x20000227        0x1 
 .bss.HciAsynchEventQueue
                0x20000228        0x8 ./Application/Common/tl/tl_ble_hci.o
 .bss.HCICmdStatus
                0x20000230        0x1 ./Application/Common/tl/tl_ble_hci.o
 *fill*         0x20000231        0x3 
 .bss.pCmdBuffer
                0x20000234        0x4 ./Application/Common/tl/tl_ble_hci.o
 .bss.HciCmdEventQueue
                0x20000238        0x8 ./Application/Common/tl/tl_ble_hci.o
 .bss.HciLayerTimeout
                0x20000240        0x1 ./Application/Common/tl/tl_ble_hci.o
 .bss.HciAsynchEventLargeBufferStatus
                0x20000241        0x1 ./Application/Common/tl/tl_ble_reassembly.o
 *fill*         0x20000242        0x2 
 .bss.HciLargeAsynchBuffer
                0x20000244      0x10a ./Application/Common/tl/tl_ble_reassembly.o
 *fill*         0x2000034e        0x2 
 .bss.TLQueueEvtContext
                0x20000350       0x1c ./Application/Common/tl/tl_ble_reassembly.o
 .bss.pCmdBuffer
                0x2000036c        0x4 ./Application/Common/tl/tl_ble_reassembly.o
 .bss.pHciEventBuffer
                0x20000370        0x4 ./Application/Common/tl/tl_ble_spi.o
 .bss.TlSpiIsrContext
                0x20000374        0x6 ./Application/Common/tl/tl_ble_spi.o
 *fill*         0x2000037a        0x2 
 .bss.pCmdBuffer
                0x2000037c        0x4 ./Application/Common/tl/tl_ble_spi.o
 .bss.LowPowerModeSel
                0x20000380        0x4 ./Application/Common/utilities/lpm.o
 .bss.SysClockReq
                0x20000384        0x4 ./Application/Common/utilities/lpm.o
 .bss.LowPowerModeConfiguration
                0x20000388        0x8 ./Application/Common/utilities/lpm.o
 .bss.QueueSize
                0x20000390        0x1 ./Application/Common/utilities/memory_manager.o
 *fill*         0x20000391        0x3 
 .bss.BufferPool
                0x20000394        0x8 ./Application/Common/utilities/memory_manager.o
 .bss.BufferFreeCb
                0x2000039c        0x4 ./Application/Common/utilities/memory_manager.o
 .bss.TaskSet   0x200003a0        0x4 ./Application/Common/utilities/scheduler.o
 .bss.EvtSet    0x200003a4        0x4 ./Application/Common/utilities/scheduler.o
 .bss.EvtWaited
                0x200003a8        0x4 ./Application/Common/utilities/scheduler.o
 .bss.TaskCb    0x200003ac       0x18 ./Application/Common/utilities/scheduler.o
 .bss.handleNotification
                0x200003c4        0x4 ./Application/P2P_LB_Example/lb_demo.o
                0x200003c4                handleNotification
 .bss.LBRContext
                0x200003c8       0xa0 ./Application/P2P_LB_Example/lb_demo.o
 .bss.connection_handle
                0x20000468        0x2 ./Application/P2P_LB_Example/lb_demo.o
                0x20000468                connection_handle
 *fill*         0x2000046a        0x2 
 .bss.CmdBuffer
                0x2000046c      0x10b ./Application/P2P_LB_Example/lb_demo.o
 *fill*         0x20000577        0x1 
 .bss.EvtPool   0x20000578      0x532 ./Application/P2P_LB_Example/lb_demo.o
 *fill*         0x20000aaa        0x2 
 .bss.LB_End_Dev_Context
                0x20000aac        0x6 ./Application/P2P_LB_Example/lb_server_app.o
 *fill*         0x20000ab2        0x2 
 .bss.hrtc      0x20000ab4       0x24 ./Application/P2P_LB_Example/main.o
 .bss.uwTick    0x20000ad8        0x4 ./Drivers/STM32L4xx_HAL_Driver/stm32l4xx_hal.o
                0x20000ad8                uwTick
 *(COMMON)
                0x20000adc                        . = ALIGN (0x4)
                0x20000adc                        _ebss = .
                0x20000adc                        __bss_end__ = _ebss

._user_heap_stack
                0x20000adc      0x604
                0x20000ae0                        . = ALIGN (0x8)
 *fill*         0x20000adc        0x4 
                [!provide]                        PROVIDE (end = .)
                0x20000ae0                        PROVIDE (_end = .)
                0x20000ce0                        . = (. + _Min_Heap_Size)
 *fill*         0x20000ae0      0x200 
                0x200010e0                        . = (. + _Min_Stack_Size)
 *fill*         0x20000ce0      0x400 
                0x200010e0                        . = ALIGN (0x8)

/DISCARD/
 libc.a(*)
 libm.a(*)
 libgcc.a(*)

.ARM.attributes
                0x00000000       0x30
 *(.ARM.attributes)
 .ARM.attributes
                0x00000000       0x22 C:/ST/STM32CubeIDE_2.0.0/STM32CubeIDE/plugins/com.st.stm32cube.ide.mcu.externaltools.gnu-tools-for-stm32.13.3.rel1.win32_1.0.100.202509120712/tools/bin/../lib/gcc/arm-none-eabi/13.3.1/thumb/v7e-m+fp/hard/crti.o
 .ARM.attributes
                0x00000022       0x34 C:/ST/STM32CubeIDE_2.0.0/STM32CubeIDE/plugins/com.st.stm32cube.ide.mcu.externaltools.gnu-tools-for-stm32.13.3.rel1.win32_1.0.100.202509120712/tools/bin/../lib/gcc/arm-none-eabi/13.3.1/thumb/v7e-m+fp/hard/crtbegin.o
 .ARM.attributes
                0x00000056       0x34 ./Application/Common/ble_core/bluenrg_gap_aci.o
 .ARM.attributes
                0x0000008a       0x34 ./Application/Common/ble_core/bluenrg_gatt_aci.o
 .ARM.attributes
                0x000000be       0x34 ./Application/Common/ble_core/bluenrg_hal_aci.o
 .ARM.attributes
                0x000000f2       0x34 ./Application/Common/ble_core/osal.o
 .ARM.attributes
                0x00000126       0x34 ./Application/Common/ble_services/lbs_stm.o
 .ARM.attributes
                0x0000015a       0x34 ./Application/Common/ble_services/svc_ctl.o
 .ARM.attributes
                0x0000018e       0x34 ./Application/Common/hw_interface/hw_lpm.o
 .ARM.attributes
                0x000001c2       0x34 ./Application/Common/hw_interface/hw_spi.o
 .ARM.attributes
                0x000001f6       0x34 ./Application/Common/hw_interface/hw_timerserver.o
 .ARM.attributes
                0x0000022a       0x34 ./Application/Common/tl/tl_ble_hci.o
 .ARM.attributes
                0x0000025e       0x34 ./Application/Common/tl/tl_ble_io.o
 .ARM.attributes
                0x00000292       0x34 ./Application/Common/tl/tl_ble_reassembly.o
 .ARM.attributes
                0x000002c6       0x34 ./Application/Common/tl/tl_ble_spi.o
 .ARM.attributes
                0x000002fa       0x34 ./Application/Common/utilities/list.o
 .ARM.attributes
                0x0000032e       0x34 ./Application/Common/utilities/lpm.o
 .ARM.attributes
                0x00000362       0x34 ./Application/Common/utilities/memory_manager.o
 .ARM.attributes
                0x00000396       0x34 ./Application/Common/utilities/scheduler.o
 .ARM.attributes
                0x000003ca       0x34 ./Application/P2P_LB_Example/lb_demo.o
 .ARM.attributes
                0x000003fe       0x34 ./Application/P2P_LB_Example/lb_server_app.o
 .ARM.attributes
                0x00000432       0x34 ./Application/P2P_LB_Example/main.o
 .ARM.attributes
                0x00000466       0x34 ./Application/P2P_LB_Example/stm32l4xx_it.o
 .ARM.attributes
                0x0000049a       0x34 ./Application/P2P_LB_Example/system_stm32l4xx.o
 .ARM.attributes
                0x000004ce       0x21 ./Application/Startup/startup_stm32l475vgtx.o
 .ARM.attributes
                0x000004ef       0x34 ./Drivers/BSP/STM32L475x_IoT_Discovery/stm32l475e_iot01.o
 .ARM.attributes
                0x00000523       0x34 ./Drivers/STM32L4xx_HAL_Driver/stm32l4xx_hal.o
 .ARM.attributes
                0x00000557       0x34 ./Drivers/STM32L4xx_HAL_Driver/stm32l4xx_hal_cortex.o
 .ARM.attributes
                0x0000058b       0x34 ./Drivers/STM32L4xx_HAL_Driver/stm32l4xx_hal_dma.o
 .ARM.attributes
                0x000005bf       0x34 ./Drivers/STM32L4xx_HAL_Driver/stm32l4xx_hal_gpio.o
 .ARM.attributes
                0x000005f3       0x34 ./Drivers/STM32L4xx_HAL_Driver/stm32l4xx_hal_pwr.o
 .ARM.attributes
                0x00000627       0x34 ./Drivers/STM32L4xx_HAL_Driver/stm32l4xx_hal_pwr_ex.o
 .ARM.attributes
                0x0000065b       0x34 ./Drivers/STM32L4xx_HAL_Driver/stm32l4xx_hal_rcc.o
 .ARM.attributes
                0x0000068f       0x34 ./Drivers/STM32L4xx_HAL_Driver/stm32l4xx_hal_rtc.o
 .ARM.attributes
                0x000006c3       0x34 ./Drivers/STM32L4xx_HAL_Driver/stm32l4xx_hal_rtc_ex.o
 .ARM.attributes
                0x000006f7       0x34 ./Drivers/STM32L4xx_HAL_Driver/stm32l4xx_hal_spi.o
 .ARM.attributes
                0x0000072b       0x34 C:/ST/STM32CubeIDE_2.0.0/STM32CubeIDE/plugins/com.st.stm32cube.ide.mcu.externaltools.gnu-tools-for-stm32.13.3.rel1.win32_1.0.100.202509120712/tools/bin/../lib/gcc/arm-none-eabi/13.3.1/../../../../arm-none-eabi/lib/thumb/v7e-m+fp/hard\libc_nano.a(libc_a-memset.o)
 .ARM.attributes
                0x0000075f       0x34 C:/ST/STM32CubeIDE_2.0.0/STM32CubeIDE/plugins/com.st.stm32cube.ide.mcu.externaltools.gnu-tools-for-stm32.13.3.rel1.win32_1.0.100.202509120712/tools/bin/../lib/gcc/arm-none-eabi/13.3.1/../../../../arm-none-eabi/lib/thumb/v7e-m+fp/hard\libc_nano.a(libc_a-init.o)
 .ARM.attributes
                0x00000793       0x34 C:/ST/STM32CubeIDE_2.0.0/STM32CubeIDE/plugins/com.st.stm32cube.ide.mcu.externaltools.gnu-tools-for-stm32.13.3.rel1.win32_1.0.100.202509120712/tools/bin/../lib/gcc/arm-none-eabi/13.3.1/../../../../arm-none-eabi/lib/thumb/v7e-m+fp/hard\libc_nano.a(libc_a-memcpy-stub.o)
 .ARM.attributes
                0x000007c7       0x17 C:/ST/STM32CubeIDE_2.0.0/STM32CubeIDE/plugins/com.st.stm32cube.ide.mcu.externaltools.gnu-tools-for-stm32.13.3.rel1.win32_1.0.100.202509120712/tools/bin/../lib/gcc/arm-none-eabi/13.3.1/../../../../arm-none-eabi/lib/thumb/v7e-m+fp/hard\libc_nano.a(libc_a-strlen.o)
 .ARM.attributes
                0x000007de       0x22 C:/ST/STM32CubeIDE_2.0.0/STM32CubeIDE/plugins/com.st.stm32cube.ide.mcu.externaltools.gnu-tools-for-stm32.13.3.rel1.win32_1.0.100.202509120712/tools/bin/../lib/gcc/arm-none-eabi/13.3.1/thumb/v7e-m+fp/hard/crtn.o
OUTPUT(P2P_LedButton.elf elf32-littlearm)
LOAD linker stubs
LOAD C:/ST/STM32CubeIDE_2.0.0/STM32CubeIDE/plugins/com.st.stm32cube.ide.mcu.externaltools.gnu-tools-for-stm32.13.3.rel1.win32_1.0.100.202509120712/tools/bin/../lib/gcc/arm-none-eabi/13.3.1/../../../../arm-none-eabi/lib/thumb/v7e-m+fp/hard\libc.a
LOAD C:/ST/STM32CubeIDE_2.0.0/STM32CubeIDE/plugins/com.st.stm32cube.ide.mcu.externaltools.gnu-tools-for-stm32.13.3.rel1.win32_1.0.100.202509120712/tools/bin/../lib/gcc/arm-none-eabi/13.3.1/../../../../arm-none-eabi/lib/thumb/v7e-m+fp/hard\libm.a
LOAD C:/ST/STM32CubeIDE_2.0.0/STM32CubeIDE/plugins/com.st.stm32cube.ide.mcu.externaltools.gnu-tools-for-stm32.13.3.rel1.win32_1.0.100.202509120712/tools/bin/../lib/gcc/arm-none-eabi/13.3.1/thumb/v7e-m+fp/hard\libgcc.a

.debug_info     0x00000000    0x16e5e
 .debug_info    0x00000000     0x1cf0 ./Application/Common/ble_core/bluenrg_gap_aci.o
 .debug_info    0x00001cf0     0x228a ./Application/Common/ble_core/bluenrg_gatt_aci.o
 .debug_info    0x00003f7a      0x6e9 ./Application/Common/ble_core/bluenrg_hal_aci.o
 .debug_info    0x00004663      0x156 ./Application/Common/ble_core/osal.o
 .debug_info    0x000047b9      0x54b ./Application/Common/ble_services/lbs_stm.o
 .debug_info    0x00004d04      0x5b9 ./Application/Common/ble_services/svc_ctl.o
 .debug_info    0x000052bd      0x49d ./Application/Common/hw_interface/hw_lpm.o
 .debug_info    0x0000575a     0x1a0c ./Application/Common/hw_interface/hw_spi.o
 .debug_info    0x00007166     0x12bf ./Application/Common/hw_interface/hw_timerserver.o
 .debug_info    0x00008425      0x864 ./Application/Common/tl/tl_ble_hci.o
 .debug_info    0x00008c89      0x3b8 ./Application/Common/tl/tl_ble_io.o
 .debug_info    0x00009041      0x56a ./Application/Common/tl/tl_ble_reassembly.o
 .debug_info    0x000095ab      0x686 ./Application/Common/tl/tl_ble_spi.o
 .debug_info    0x00009c31      0x70f ./Application/Common/utilities/list.o
 .debug_info    0x0000a340      0x42b ./Application/Common/utilities/lpm.o
 .debug_info    0x0000a76b      0x347 ./Application/Common/utilities/memory_manager.o
 .debug_info    0x0000aab2      0x565 ./Application/Common/utilities/scheduler.o
 .debug_info    0x0000b017      0x929 ./Application/P2P_LB_Example/lb_demo.o
 .debug_info    0x0000b940      0x3b0 ./Application/P2P_LB_Example/lb_server_app.o
 .debug_info    0x0000bcf0     0x11c3 ./Application/P2P_LB_Example/main.o
 .debug_info    0x0000ceb3      0x1f1 ./Application/P2P_LB_Example/stm32l4xx_it.o
 .debug_info    0x0000d0a4      0x854 ./Application/P2P_LB_Example/system_stm32l4xx.o
 .debug_info    0x0000d8f8       0x30 ./Application/Startup/startup_stm32l475vgtx.o
 .debug_info    0x0000d928     0x1b86 ./Drivers/BSP/STM32L475x_IoT_Discovery/stm32l475e_iot01.o
 .debug_info    0x0000f4ae      0xc03 ./Drivers/STM32L4xx_HAL_Driver/stm32l4xx_hal.o
 .debug_info    0x000100b1      0xd46 ./Drivers/STM32L4xx_HAL_Driver/stm32l4xx_hal_cortex.o
 .debug_info    0x00010df7      0x6f4 ./Drivers/STM32L4xx_HAL_Driver/stm32l4xx_hal_dma.o
 .debug_info    0x000114eb      0x757 ./Drivers/STM32L4xx_HAL_Driver/stm32l4xx_hal_gpio.o
 .debug_info    0x00011c42      0x91e ./Drivers/STM32L4xx_HAL_Driver/stm32l4xx_hal_pwr.o
 .debug_info    0x00012560      0x97a ./Drivers/STM32L4xx_HAL_Driver/stm32l4xx_hal_pwr_ex.o
 .debug_info    0x00012eda      0xc14 ./Drivers/STM32L4xx_HAL_Driver/stm32l4xx_hal_rcc.o
 .debug_info    0x00013aee      0xd7d ./Drivers/STM32L4xx_HAL_Driver/stm32l4xx_hal_rtc.o
 .debug_info    0x0001486b      0xfd9 ./Drivers/STM32L4xx_HAL_Driver/stm32l4xx_hal_rtc_ex.o
 .debug_info    0x00015844     0x161a ./Drivers/STM32L4xx_HAL_Driver/stm32l4xx_hal_spi.o

.debug_abbrev   0x00000000     0x41c7
 .debug_abbrev  0x00000000      0x19d ./Application/Common/ble_core/bluenrg_gap_aci.o
 .debug_abbrev  0x0000019d      0x1ba ./Application/Common/ble_core/bluenrg_gatt_aci.o
 .debug_abbrev  0x00000357      0x148 ./Application/Common/ble_core/bluenrg_hal_aci.o
 .debug_abbrev  0x0000049f       0xcc ./Application/Common/ble_core/osal.o
 .debug_abbrev  0x0000056b      0x1dc ./Application/Common/ble_services/lbs_stm.o
 .debug_abbrev  0x00000747      0x27e ./Application/Common/ble_services/svc_ctl.o
 .debug_abbrev  0x000009c5      0x137 ./Application/Common/hw_interface/hw_lpm.o
 .debug_abbrev  0x00000afc      0x2e1 ./Application/Common/hw_interface/hw_spi.o
 .debug_abbrev  0x00000ddd      0x31e ./Application/Common/hw_interface/hw_timerserver.o
 .debug_abbrev  0x000010fb      0x21b ./Application/Common/tl/tl_ble_hci.o
 .debug_abbrev  0x00001316      0x16a ./Application/Common/tl/tl_ble_io.o
 .debug_abbrev  0x00001480      0x1bc ./Application/Common/tl/tl_ble_reassembly.o
 .debug_abbrev  0x0000163c      0x211 ./Application/Common/tl/tl_ble_spi.o
 .debug_abbrev  0x0000184d      0x1a1 ./Application/Common/utilities/list.o
 .debug_abbrev  0x000019ee      0x217 ./Application/Common/utilities/lpm.o
 .debug_abbrev  0x00001c05      0x1b9 ./Application/Common/utilities/memory_manager.o
 .debug_abbrev  0x00001dbe      0x1b4 ./Application/Common/utilities/scheduler.o
 .debug_abbrev  0x00001f72      0x281 ./Application/P2P_LB_Example/lb_demo.o
 .debug_abbrev  0x000021f3      0x155 ./Application/P2P_LB_Example/lb_server_app.o
 .debug_abbrev  0x00002348      0x328 ./Application/P2P_LB_Example/main.o
 .debug_abbrev  0x00002670       0xdd ./Application/P2P_LB_Example/stm32l4xx_it.o
 .debug_abbrev  0x0000274d      0x13f ./Application/P2P_LB_Example/system_stm32l4xx.o
 .debug_abbrev  0x0000288c       0x24 ./Application/Startup/startup_stm32l475vgtx.o
 .debug_abbrev  0x000028b0      0x2ea ./Drivers/BSP/STM32L475x_IoT_Discovery/stm32l475e_iot01.o
 .debug_abbrev  0x00002b9a      0x243 ./Drivers/STM32L4xx_HAL_Driver/stm32l4xx_hal.o
 .debug_abbrev  0x00002ddd      0x327 ./Drivers/STM32L4xx_HAL_Driver/stm32l4xx_hal_cortex.o
 .debug_abbrev  0x00003104      0x1e4 ./Drivers/STM32L4xx_HAL_Driver/stm32l4xx_hal_dma.o
 .debug_abbrev  0x000032e8      0x1cb ./Drivers/STM32L4xx_HAL_Driver/stm32l4xx_hal_gpio.o
 .debug_abbrev  0x000034b3      0x1d4 ./Drivers/STM32L4xx_HAL_Driver/stm32l4xx_hal_pwr.o
 .debug_abbrev  0x00003687      0x1f9 ./Drivers/STM32L4xx_HAL_Driver/stm32l4xx_hal_pwr_ex.o
 .debug_abbrev  0x00003880      0x2cb ./Drivers/STM32L4xx_HAL_Driver/stm32l4xx_hal_rcc.o
 .debug_abbrev  0x00003b4b      0x201 ./Drivers/STM32L4xx_HAL_Driver/stm32l4xx_hal_rtc.o
 .debug_abbrev  0x00003d4c      0x211 ./Drivers/STM32L4xx_HAL_Driver/stm32l4xx_hal_rtc_ex.o
 .debug_abbrev  0x00003f5d      0x26a ./Drivers/STM32L4xx_HAL_Driver/stm32l4xx_hal_spi.o

.debug_aranges  0x00000000     0x1638
 .debug_aranges
                0x00000000      0x130 ./Application/Common/ble_core/bluenrg_gap_aci.o
 .debug_aranges
                0x00000130      0x178 ./Application/Common/ble_core/bluenrg_gatt_aci.o
 .debug_aranges
                0x000002a8       0x68 ./Application/Common/ble_core/bluenrg_hal_aci.o
 .debug_aranges
                0x00000310       0x28 ./Application/Common/ble_core/osal.o
 .debug_aranges
                0x00000338       0x38 ./Application/Common/ble_services/lbs_stm.o
 .debug_aranges
                0x00000370       0x90 ./Application/Common/ble_services/svc_ctl.o
 .debug_aranges
                0x00000400       0x48 ./Application/Common/hw_interface/hw_lpm.o
 .debug_aranges
                0x00000448      0x158 ./Application/Common/hw_interface/hw_spi.o
 .debug_aranges
                0x000005a0       0xe8 ./Application/Common/hw_interface/hw_timerserver.o
 .debug_aranges
                0x00000688       0x68 ./Application/Common/tl/tl_ble_hci.o
 .debug_aranges
                0x000006f0       0x60 ./Application/Common/tl/tl_ble_io.o
 .debug_aranges
                0x00000750       0x40 ./Application/Common/tl/tl_ble_reassembly.o
 .debug_aranges
                0x00000790       0x40 ./Application/Common/tl/tl_ble_spi.o
 .debug_aranges
                0x000007d0       0x78 ./Application/Common/utilities/list.o
 .debug_aranges
                0x00000848       0x70 ./Application/Common/utilities/lpm.o
 .debug_aranges
                0x000008b8       0x30 ./Application/Common/utilities/memory_manager.o
 .debug_aranges
                0x000008e8       0x60 ./Application/Common/utilities/scheduler.o
 .debug_aranges
                0x00000948       0x40 ./Application/P2P_LB_Example/lb_demo.o
 .debug_aranges
                0x00000988       0x38 ./Application/P2P_LB_Example/lb_server_app.o
 .debug_aranges
                0x000009c0       0xd8 ./Application/P2P_LB_Example/main.o
 .debug_aranges
                0x00000a98       0x88 ./Application/P2P_LB_Example/stm32l4xx_it.o
 .debug_aranges
                0x00000b20       0x28 ./Application/P2P_LB_Example/system_stm32l4xx.o
 .debug_aranges
                0x00000b48       0x28 ./Application/Startup/startup_stm32l475vgtx.o
 .debug_aranges
                0x00000b70      0x130 ./Drivers/BSP/STM32L475x_IoT_Discovery/stm32l475e_iot01.o
 .debug_aranges
                0x00000ca0      0x130 ./Drivers/STM32L4xx_HAL_Driver/stm32l4xx_hal.o
 .debug_aranges
                0x00000dd0      0x118 ./Drivers/STM32L4xx_HAL_Driver/stm32l4xx_hal_cortex.o
 .debug_aranges
                0x00000ee8       0x80 ./Drivers/STM32L4xx_HAL_Driver/stm32l4xx_hal_dma.o
 .debug_aranges
                0x00000f68       0x58 ./Drivers/STM32L4xx_HAL_Driver/stm32l4xx_hal_gpio.o
 .debug_aranges
                0x00000fc0       0x98 ./Drivers/STM32L4xx_HAL_Driver/stm32l4xx_hal_pwr.o
 .debug_aranges
                0x00001058      0x150 ./Drivers/STM32L4xx_HAL_Driver/stm32l4xx_hal_pwr_ex.o
 .debug_aranges
                0x000011a8       0x90 ./Drivers/STM32L4xx_HAL_Driver/stm32l4xx_hal_rcc.o
 .debug_aranges
                0x00001238       0xe8 ./Drivers/STM32L4xx_HAL_Driver/stm32l4xx_hal_rtc.o
 .debug_aranges
                0x00001320      0x140 ./Drivers/STM32L4xx_HAL_Driver/stm32l4xx_hal_rtc_ex.o
 .debug_aranges
                0x00001460      0x1d8 ./Drivers/STM32L4xx_HAL_Driver/stm32l4xx_hal_spi.o

.debug_rnglists
                0x00000000     0x10a0
 .debug_rnglists
                0x00000000       0xee ./Application/Common/ble_core/bluenrg_gap_aci.o
 .debug_rnglists
                0x000000ee      0x12e ./Application/Common/ble_core/bluenrg_gatt_aci.o
 .debug_rnglists
                0x0000021c       0x4c ./Application/Common/ble_core/bluenrg_hal_aci.o
 .debug_rnglists
                0x00000268       0x19 ./Application/Common/ble_core/osal.o
 .debug_rnglists
                0x00000281       0x27 ./Application/Common/ble_services/lbs_stm.o
 .debug_rnglists
                0x000002a8       0x69 ./Application/Common/ble_services/svc_ctl.o
 .debug_rnglists
                0x00000311       0x31 ./Application/Common/hw_interface/hw_lpm.o
 .debug_rnglists
                0x00000342      0x104 ./Application/Common/hw_interface/hw_spi.o
 .debug_rnglists
                0x00000446       0xb5 ./Application/Common/hw_interface/hw_timerserver.o
 .debug_rnglists
                0x000004fb       0x4a ./Application/Common/tl/tl_ble_hci.o
 .debug_rnglists
                0x00000545       0x43 ./Application/Common/tl/tl_ble_io.o
 .debug_rnglists
                0x00000588       0x2c ./Application/Common/tl/tl_ble_reassembly.o
 .debug_rnglists
                0x000005b4       0x2c ./Application/Common/tl/tl_ble_spi.o
 .debug_rnglists
                0x000005e0       0x55 ./Application/Common/utilities/list.o
 .debug_rnglists
                0x00000635       0x4f ./Application/Common/utilities/lpm.o
 .debug_rnglists
                0x00000684       0x1f ./Application/Common/utilities/memory_manager.o
 .debug_rnglists
                0x000006a3       0x44 ./Application/Common/utilities/scheduler.o
 .debug_rnglists
                0x000006e7       0x2d ./Application/P2P_LB_Example/lb_demo.o
 .debug_rnglists
                0x00000714       0x25 ./Application/P2P_LB_Example/lb_server_app.o
 .debug_rnglists
                0x00000739       0xa0 ./Application/P2P_LB_Example/main.o
 .debug_rnglists
                0x000007d9       0x61 ./Application/P2P_LB_Example/stm32l4xx_it.o
 .debug_rnglists
                0x0000083a       0x1a ./Application/P2P_LB_Example/system_stm32l4xx.o
 .debug_rnglists
                0x00000854       0x19 ./Application/Startup/startup_stm32l475vgtx.o
 .debug_rnglists
                0x0000086d       0xe3 ./Drivers/BSP/STM32L475x_IoT_Discovery/stm32l475e_iot01.o
 .debug_rnglists
                0x00000950       0xdf ./Drivers/STM32L4xx_HAL_Driver/stm32l4xx_hal.o
 .debug_rnglists
                0x00000a2f       0xce ./Drivers/STM32L4xx_HAL_Driver/stm32l4xx_hal_cortex.o
 .debug_rnglists
                0x00000afd       0x64 ./Drivers/STM32L4xx_HAL_Driver/stm32l4xx_hal_dma.o
 .debug_rnglists
                0x00000b61       0x3f ./Drivers/STM32L4xx_HAL_Driver/stm32l4xx_hal_gpio.o
 .debug_rnglists
                0x00000ba0       0x6e ./Drivers/STM32L4xx_HAL_Driver/stm32l4xx_hal_pwr.o
 .debug_rnglists
                0x00000c0e       0xfd ./Drivers/STM32L4xx_HAL_Driver/stm32l4xx_hal_pwr_ex.o
 .debug_rnglists
                0x00000d0b       0x6d ./Drivers/STM32L4xx_HAL_Driver/stm32l4xx_hal_rcc.o
 .debug_rnglists
                0x00000d78       0xb4 ./Drivers/STM32L4xx_HAL_Driver/stm32l4xx_hal_rtc.o
 .debug_rnglists
                0x00000e2c       0xfc ./Drivers/STM32L4xx_HAL_Driver/stm32l4xx_hal_rtc_ex.o
 .debug_rnglists
                0x00000f28      0x178 ./Drivers/STM32L4xx_HAL_Driver/stm32l4xx_hal_spi.o

.debug_macro    0x00000000    0x2ec6a
 .debug_macro   0x00000000       0xe6 ./Application/Common/ble_core/bluenrg_gap_aci.o
 .debug_macro   0x000000e6      0xaf0 ./Application/Common/ble_core/bluenrg_gap_aci.o
 .debug_macro   0x00000bd6       0x22 ./Application/Common/ble_core/bluenrg_gap_aci.o
 .debug_macro   0x00000bf8       0x8e ./Application/Common/ble_core/bluenrg_gap_aci.o
 .debug_macro   0x00000c86       0x51 ./Application/Common/ble_core/bluenrg_gap_aci.o
 .debug_macro   0x00000cd7      0x103 ./Application/Common/ble_core/bluenrg_gap_aci.o
 .debug_macro   0x00000dda       0x6a ./Application/Common/ble_core/bluenrg_gap_aci.o
 .debug_macro   0x00000e44      0x1df ./Application/Common/ble_core/bluenrg_gap_aci.o
 .debug_macro   0x00001023       0x3a ./Application/Common/ble_core/bluenrg_gap_aci.o
 .debug_macro   0x0000105d      0x15a ./Application/Common/ble_core/bluenrg_gap_aci.o
 .debug_macro   0x000011b7       0x16 ./Application/Common/ble_core/bluenrg_gap_aci.o
 .debug_macro   0x000011cd       0x9f ./Application/Common/ble_core/bluenrg_gap_aci.o
 .debug_macro   0x0000126c      0x38f ./Application/Common/ble_core/bluenrg_gap_aci.o
 .debug_macro   0x000015fb      0x171 ./Application/Common/ble_core/bluenrg_gap_aci.o
 .debug_macro   0x0000176c      0x4c2 ./Application/Common/ble_core/bluenrg_gap_aci.o
 .debug_macro   0x00001c2e       0x42 ./Application/Common/ble_core/bluenrg_gap_aci.o
 .debug_macro   0x00001c70      0x19b ./Application/Common/ble_core/bluenrg_gap_aci.o
 .debug_macro   0x00001e0b       0xe6 ./Application/Common/ble_core/bluenrg_gatt_aci.o
 .debug_macro   0x00001ef1       0xab ./Application/Common/ble_core/bluenrg_gatt_aci.o
 .debug_macro   0x00001f9c       0xe6 ./Application/Common/ble_core/bluenrg_hal_aci.o
 .debug_macro   0x00002082      0x264 ./Application/Common/ble_core/bluenrg_hal_aci.o
 .debug_macro   0x000022e6      0x10f ./Application/Common/ble_core/osal.o
 .debug_macro   0x000023f5       0x5b ./Application/Common/ble_core/osal.o
 .debug_macro   0x00002450       0x2a ./Application/Common/ble_core/osal.o
 .debug_macro   0x0000247a       0x94 ./Application/Common/ble_core/osal.o
 .debug_macro   0x0000250e       0x43 ./Application/Common/ble_core/osal.o
 .debug_macro   0x00002551       0x34 ./Application/Common/ble_core/osal.o
 .debug_macro   0x00002585      0x190 ./Application/Common/ble_core/osal.o
 .debug_macro   0x00002715       0x57 ./Application/Common/ble_core/osal.o
 .debug_macro   0x0000276c      0x370 ./Application/Common/ble_core/osal.o
 .debug_macro   0x00002adc       0x16 ./Application/Common/ble_core/osal.o
 .debug_macro   0x00002af2       0x4a ./Application/Common/ble_core/osal.o
 .debug_macro   0x00002b3c       0x34 ./Application/Common/ble_core/osal.o
 .debug_macro   0x00002b70       0x10 ./Application/Common/ble_core/osal.o
 .debug_macro   0x00002b80       0x58 ./Application/Common/ble_core/osal.o
 .debug_macro   0x00002bd8       0x8e ./Application/Common/ble_core/osal.o
 .debug_macro   0x00002c66       0x1c ./Application/Common/ble_core/osal.o
 .debug_macro   0x00002c82      0x185 ./Application/Common/ble_core/osal.o
 .debug_macro   0x00002e07       0x10 ./Application/Common/ble_core/osal.o
 .debug_macro   0x00002e17       0x3c ./Application/Common/ble_core/osal.o
 .debug_macro   0x00002e53       0x20 ./Application/Common/ble_core/osal.o
 .debug_macro   0x00002e73      0x486 ./Application/Common/ble_services/lbs_stm.o
 .debug_macro   0x000032f9       0x61 ./Application/Common/ble_services/lbs_stm.o
 .debug_macro   0x0000335a       0x1c ./Application/Common/ble_services/lbs_stm.o
 .debug_macro   0x00003376       0x10 ./Application/Common/ble_services/lbs_stm.o
 .debug_macro   0x00003386       0x1c ./Application/Common/ble_services/lbs_stm.o
 .debug_macro   0x000033a2       0x16 ./Application/Common/ble_services/lbs_stm.o
 .debug_macro   0x000033b8      0x146 ./Application/Common/ble_services/lbs_stm.o
 .debug_macro   0x000034fe       0x16 ./Application/Common/ble_services/lbs_stm.o
 .debug_macro   0x00003514       0x16 ./Application/Common/ble_services/lbs_stm.o
 .debug_macro   0x0000352a       0x29 ./Application/Common/ble_services/lbs_stm.o
 .debug_macro   0x00003553       0x4c ./Application/Common/ble_services/lbs_stm.o
 .debug_macro   0x0000359f       0x2e ./Application/Common/ble_services/lbs_stm.o
 .debug_macro   0x000035cd       0x28 ./Application/Common/ble_services/lbs_stm.o
 .debug_macro   0x000035f5       0x1c ./Application/Common/ble_services/lbs_stm.o
 .debug_macro   0x00003611       0x22 ./Application/Common/ble_services/lbs_stm.o
 .debug_macro   0x00003633       0xfb ./Application/Common/ble_services/lbs_stm.o
 .debug_macro   0x0000372e     0x1011 ./Application/Common/ble_services/lbs_stm.o
 .debug_macro   0x0000473f      0x11f ./Application/Common/ble_services/lbs_stm.o
 .debug_macro   0x0000485e    0x19dc7 ./Application/Common/ble_services/lbs_stm.o
 .debug_macro   0x0001e625       0x6d ./Application/Common/ble_services/lbs_stm.o
 .debug_macro   0x0001e692       0xb4 ./Application/Common/ble_services/lbs_stm.o
 .debug_macro   0x0001e746     0x38e6 ./Application/Common/ble_services/lbs_stm.o
 .debug_macro   0x0002202c       0x56 ./Application/Common/ble_services/lbs_stm.o
 .debug_macro   0x00022082     0x1558 ./Application/Common/ble_services/lbs_stm.o
 .debug_macro   0x000235da      0x5a5 ./Application/Common/ble_services/lbs_stm.o
 .debug_macro   0x00023b7f      0x6fa ./Application/Common/ble_services/lbs_stm.o
 .debug_macro   0x00024279      0x1b9 ./Application/Common/ble_services/lbs_stm.o
 .debug_macro   0x00024432      0x17d ./Application/Common/ble_services/lbs_stm.o
 .debug_macro   0x000245af      0x124 ./Application/Common/ble_services/lbs_stm.o
 .debug_macro   0x000246d3      0x169 ./Application/Common/ble_services/lbs_stm.o
 .debug_macro   0x0002483c      0x26b ./Application/Common/ble_services/lbs_stm.o
 .debug_macro   0x00024aa7      0x23d ./Application/Common/ble_services/lbs_stm.o
 .debug_macro   0x00024ce4      0x37c ./Application/Common/ble_services/lbs_stm.o
 .debug_macro   0x00025060       0xd6 ./Application/Common/ble_services/lbs_stm.o
 .debug_macro   0x00025136      0x313 ./Application/Common/ble_services/lbs_stm.o
 .debug_macro   0x00025449      0x22c ./Application/Common/ble_services/lbs_stm.o
 .debug_macro   0x00025675       0x61 ./Application/Common/ble_services/lbs_stm.o
 .debug_macro   0x000256d6       0xa5 ./Application/Common/ble_services/lbs_stm.o
 .debug_macro   0x0002577b      0x122 ./Application/Common/ble_services/lbs_stm.o
 .debug_macro   0x0002589d      0x3e8 ./Application/Common/ble_services/lbs_stm.o
 .debug_macro   0x00025c85      0x321 ./Application/Common/ble_services/lbs_stm.o
 .debug_macro   0x00025fa6      0x4fb ./Application/Common/ble_services/lbs_stm.o
 .debug_macro   0x000264a1       0xeb ./Application/Common/ble_services/lbs_stm.o
 .debug_macro   0x0002658c      0x2fe ./Application/Common/ble_services/lbs_stm.o
 .debug_macro   0x0002688a      0x5cf ./Application/Common/ble_services/lbs_stm.o
 .debug_macro   0x00026e59       0x44 ./Application/Common/ble_services/lbs_stm.o
 .debug_macro   0x00026e9d      0x330 ./Application/Common/ble_services/lbs_stm.o
 .debug_macro   0x000271cd      0x207 ./Application/Common/ble_services/lbs_stm.o
 .debug_macro   0x000273d4      0x1a6 ./Application/Common/ble_services/lbs_stm.o
 .debug_macro   0x0002757a      0x4bb ./Application/Common/ble_services/lbs_stm.o
 .debug_macro   0x00027a35      0x1c4 ./Application/Common/ble_services/lbs_stm.o
 .debug_macro   0x00027bf9      0x2c4 ./Application/Common/ble_services/lbs_stm.o
 .debug_macro   0x00027ebd       0x43 ./Application/Common/ble_services/lbs_stm.o
 .debug_macro   0x00027f00       0x99 ./Application/Common/ble_services/lbs_stm.o
 .debug_macro   0x00027f99      0x195 ./Application/Common/ble_services/lbs_stm.o
 .debug_macro   0x0002812e      0x2d7 ./Application/Common/ble_services/lbs_stm.o
 .debug_macro   0x00028405       0x88 ./Application/Common/ble_services/lbs_stm.o
 .debug_macro   0x0002848d      0x35d ./Application/Common/ble_services/lbs_stm.o
 .debug_macro   0x000287ea       0x1d ./Application/Common/ble_services/lbs_stm.o
 .debug_macro   0x00028807      0x172 ./Application/Common/ble_services/lbs_stm.o
 .debug_macro   0x00028979      0x1b7 ./Application/Common/ble_services/lbs_stm.o
 .debug_macro   0x00028b30      0x43a ./Application/Common/ble_services/svc_ctl.o
 .debug_macro   0x00028f6a      0x3e5 ./Application/Common/hw_interface/hw_lpm.o
 .debug_macro   0x0002934f      0x618 ./Application/Common/hw_interface/hw_spi.o
 .debug_macro   0x00029967      0x3f1 ./Application/Common/hw_interface/hw_timerserver.o
 .debug_macro   0x00029d58      0x428 ./Application/Common/tl/tl_ble_hci.o
 .debug_macro   0x0002a180       0x3a ./Application/Common/tl/tl_ble_hci.o
 .debug_macro   0x0002a1ba      0x408 ./Application/Common/tl/tl_ble_io.o
 .debug_macro   0x0002a5c2      0x412 ./Application/Common/tl/tl_ble_reassembly.o
 .debug_macro   0x0002a9d4      0x418 ./Application/Common/tl/tl_ble_spi.o
 .debug_macro   0x0002adec      0x3eb ./Application/Common/utilities/list.o
 .debug_macro   0x0002b1d7      0x3eb ./Application/Common/utilities/lpm.o
 .debug_macro   0x0002b5c2      0x3f5 ./Application/Common/utilities/memory_manager.o
 .debug_macro   0x0002b9b7      0x3eb ./Application/Common/utilities/scheduler.o
 .debug_macro   0x0002bda2      0x507 ./Application/P2P_LB_Example/lb_demo.o